{"timestamp":"2026-08-12T10:23:59.186575","level":"info","event":"DAG bundles loaded: dags-folder","logger":"airflow.dag_processing.bundles.manager.DagBundlesManager"}
{"timestamp":"2026-08-12T10:23:59.194266","level":"info","event":"Filling up the DagBag from /opt/airflow/dags/zomato_batch.py","logger":"airflow.models.dagbag.DagBag"}
{"timestamp":"2026-08-12T10:24:00.298974","level":"info","event":"Tmp dir root location: /tmp","logger":"airflow.task.hooks.airflow.providers.standard.hooks.subprocess.SubprocessHook"}
{"timestamp":"2026-08-12T10:24:00.302615","level":"info","event":"Running command: ['/usr/bin/bash', '-c', '/opt/airflow/dbt_venv/bin/dbt build --select tag:ai --project-dir /opt/airflow/dbt/zomato --profiles-dir /opt/airflow/dbt/zomato']","logger":"airflow.task.hooks.airflow.providers.standard.hooks.subprocess.SubprocessHook"}
{"timestamp":"2026-08-12T10:24:00.324131","level":"info","event":"Output:","logger":"airflow.task.hooks.airflow.providers.standard.hooks.subprocess.SubprocessHook"}
{"timestamp":"2026-08-12T10:24:02.708262","level":"info","event":"\u001b[0m10:24:02  Running with dbt=1.12.0","logger":"airflow.task.hooks.airflow.providers.standard.hooks.subprocess.SubprocessHook"}
{"timestamp":"2026-08-12T10:24:03.317830","level":"info","event":"\u001b[0m10:24:03  Registered adapter: snowflake=1.8.4","logger":"airflow.task.hooks.airflow.providers.standard.hooks.subprocess.SubprocessHook"}
{"timestamp":"2026-08-12T10:24:03.580117","level":"info","event":"\u001b[0m10:24:03  [\u001b[33mWARNING\u001b[0m]: Configuration paths exist in your dbt_project.yml file which do not apply to any resources.","logger":"airflow.task.hooks.airflow.providers.standard.hooks.subprocess.SubprocessHook"}
{"timestamp":"2026-08-12T10:24:03.580535","level":"info","event":"There are 1 unused configuration paths:","logger":"airflow.task.hooks.airflow.providers.standard.hooks.subprocess.SubprocessHook"}
{"timestamp":"2026-08-12T10:24:03.580613","level":"info","event":"- models.snapshot.zomato","logger":"airflow.task.hooks.airflow.providers.standard.hooks.subprocess.SubprocessHook"}
{"timestamp":"2026-08-12T10:24:03.814725","level":"info","event":"\u001b[0m10:24:03  Found 17 models, 6 seeds, 27 data tests, 8 sources, 622 macros","logger":"airflow.task.hooks.airflow.providers.standard.hooks.subprocess.SubprocessHook"}
{"timestamp":"2026-08-12T10:24:03.820044","level":"info","event":"\u001b[0m10:24:03","logger":"airflow.task.hooks.airflow.providers.standard.hooks.subprocess.SubprocessHook"}
{"timestamp":"2026-08-12T10:24:03.820626","level":"info","event":"\u001b[0m10:24:03  Concurrency: 16 threads (target='dev')","logger":"airflow.task.hooks.airflow.providers.standard.hooks.subprocess.SubprocessHook"}
{"timestamp":"2026-08-12T10:24:03.822153","level":"info","event":"\u001b[0m10:24:03","logger":"airflow.task.hooks.airflow.providers.standard.hooks.subprocess.SubprocessHook"}
{"timestamp":"2026-08-12T10:24:08.704404","level":"info","event":"\u001b[0m10:24:08  1 of 1 START sql table model marts.mart_review_insights ........................ [RUN]","logger":"airflow.task.hooks.airflow.providers.standard.hooks.subprocess.SubprocessHook"}
{"timestamp":"2026-08-12T10:24:09.990720","level":"info","event":"\u001b[0m10:24:09  1 of 1 ERROR creating sql table model marts.mart_review_insights ............... [\u001b[31mERROR\u001b[0m in 1.29s]","logger":"airflow.task.hooks.airflow.providers.standard.hooks.subprocess.SubprocessHook"}
{"timestamp":"2026-08-12T10:24:09.999541","level":"info","event":"\u001b[0m10:24:09","logger":"airflow.task.hooks.airflow.providers.standard.hooks.subprocess.SubprocessHook"}
{"timestamp":"2026-08-12T10:24:09.999754","level":"info","event":"\u001b[0m10:24:09  Finished running 1 table model in 0 hours 0 minutes and 6.18 seconds (6.18s).","logger":"airflow.task.hooks.airflow.providers.standard.hooks.subprocess.SubprocessHook"}
{"timestamp":"2026-08-12T10:24:10.069334","level":"info","event":"\u001b[0m10:24:10","logger":"airflow.task.hooks.airflow.providers.standard.hooks.subprocess.SubprocessHook"}
{"timestamp":"2026-08-12T10:24:10.069778","level":"info","event":"\u001b[0m10:24:10  \u001b[31mCompleted with 1 error, 0 partial successes, and 0 warnings:\u001b[0m","logger":"airflow.task.hooks.airflow.providers.standard.hooks.subprocess.SubprocessHook"}
{"timestamp":"2026-08-12T10:24:10.070088","level":"info","event":"\u001b[0m10:24:10","logger":"airflow.task.hooks.airflow.providers.standard.hooks.subprocess.SubprocessHook"}
{"timestamp":"2026-08-12T10:24:10.070411","level":"info","event":"\u001b[0m10:24:10  [\u001b[31mERROR\u001b[0m]: in model mart_review_insights (models/marts/mart_review_insights.sql)","logger":"airflow.task.hooks.airflow.providers.standard.hooks.subprocess.SubprocessHook"}
{"timestamp":"2026-08-12T10:24:10.070835","level":"info","event":"\u001b[0m10:24:10    Database Error in model mart_review_insights (models/marts/mart_review_insights.sql)","logger":"airflow.task.hooks.airflow.providers.standard.hooks.subprocess.SubprocessHook"}
{"timestamp":"2026-08-12T10:24:10.070864","level":"info","event":"  002139 (02000): SQL compilation error:","logger":"airflow.task.hooks.airflow.providers.standard.hooks.subprocess.SubprocessHook"}
{"timestamp":"2026-08-12T10:24:10.070900","level":"info","event":"  Unknown function COUNTIF.","logger":"airflow.task.hooks.airflow.providers.standard.hooks.subprocess.SubprocessHook"}
{"timestamp":"2026-08-12T10:24:10.070920","level":"info","event":"  compiled code at target/run/zomato/models/marts/mart_review_insights.sql","logger":"airflow.task.hooks.airflow.providers.standard.hooks.subprocess.SubprocessHook"}
{"timestamp":"2026-08-12T10:24:10.071242","level":"info","event":"\u001b[0m10:24:10","logger":"airflow.task.hooks.airflow.providers.standard.hooks.subprocess.SubprocessHook"}
{"timestamp":"2026-08-12T10:24:10.071510","level":"info","event":"\u001b[0m10:24:10    compiled code at target/compiled/zomato/models/marts/mart_review_insights.sql","logger":"airflow.task.hooks.airflow.providers.standard.hooks.subprocess.SubprocessHook"}
{"timestamp":"2026-08-12T10:24:10.071807","level":"info","event":"\u001b[0m10:24:10","logger":"airflow.task.hooks.airflow.providers.standard.hooks.subprocess.SubprocessHook"}
{"timestamp":"2026-08-12T10:24:10.072104","level":"info","event":"\u001b[0m10:24:10  Done. PASS=0 WARN=0 ERROR=1 SKIP=0 NO-OP=0 REUSED=0 TOTAL=1","logger":"airflow.task.hooks.airflow.providers.standard.hooks.subprocess.SubprocessHook"}
{"timestamp":"2026-08-12T10:24:12.409824","level":"info","event":"Command exited with return code 1","logger":"airflow.task.hooks.airflow.providers.standard.hooks.subprocess.SubprocessHook"}
{"timestamp":"2026-08-12T10:24:12.413581","level":"error","event":"Task failed with exception","logger":"task","error_detail":[{"exc_type":"AirflowException","exc_value":"Bash command failed. The command returned a non-zero exit code 1.","exc_notes":[],"syntax_error":null,"is_cause":false,"frames":[{"filename":"/home/airflow/.local/lib/python3.12/site-packages/airflow/sdk/execution_time/task_runner.py","lineno":877,"name":"run"},{"filename":"/home/airflow/.local/lib/python3.12/site-packages/airflow/sdk/execution_time/task_runner.py","lineno":1164,"name":"_execute_task"},{"filename":"/home/airflow/.local/lib/python3.12/site-packages/airflow/sdk/bases/operator.py","lineno":397,"name":"wrapper"},{"filename":"/home/airflow/.local/lib/python3.12/site-packages/airflow/providers/standard/operators/bash.py","lineno":232,"name":"execute"}],"is_group":false,"exceptions":[]}]}
