{"timestamp":"2026-08-05T15:27:48.106972","level":"info","event":"DAG bundles loaded: dags-folder","logger":"airflow.dag_processing.bundles.manager.DagBundlesManager"}
{"timestamp":"2026-08-05T15:27:48.107463","level":"info","event":"Filling up the DagBag from /opt/airflow/dags/zomato_batch.py","logger":"airflow.models.dagbag.DagBag"}
{"timestamp":"2026-08-05T15:27:48.197180","level":"info","event":"Tmp dir root location: /tmp","logger":"airflow.task.hooks.airflow.providers.standard.hooks.subprocess.SubprocessHook"}
{"timestamp":"2026-08-05T15:27:48.204030","level":"info","event":"Running command: ['/usr/bin/bash', '-c', '/opt/airflow/dbt_venv/bin/dbt build --exclude tag:ai --project-dir /opt/airflow/dbt/zomato --profiles-dir /opt/airflow/dbt/zomato']","logger":"airflow.task.hooks.airflow.providers.standard.hooks.subprocess.SubprocessHook"}
{"timestamp":"2026-08-05T15:27:48.220929","level":"info","event":"Output:","logger":"airflow.task.hooks.airflow.providers.standard.hooks.subprocess.SubprocessHook"}
{"timestamp":"2026-08-05T15:27:51.068984","level":"info","event":"\u001b[0m15:27:51  Running with dbt=1.12.0","logger":"airflow.task.hooks.airflow.providers.standard.hooks.subprocess.SubprocessHook"}
{"timestamp":"2026-08-05T15:27:52.125932","level":"info","event":"\u001b[0m15:27:52  Registered adapter: snowflake=1.8.4","logger":"airflow.task.hooks.airflow.providers.standard.hooks.subprocess.SubprocessHook"}
{"timestamp":"2026-08-05T15:27:52.198075","level":"info","event":"\u001b[0m15:27:52  Unable to do partial parsing because saved manifest not found. Starting full parse.","logger":"airflow.task.hooks.airflow.providers.standard.hooks.subprocess.SubprocessHook"}
{"timestamp":"2026-08-05T15:27:53.483582","level":"info","event":"\u001b[0m15:27:53  [\u001b[33mWARNING\u001b[0m]: Configuration paths exist in your dbt_project.yml file which do not apply to any resources.","logger":"airflow.task.hooks.airflow.providers.standard.hooks.subprocess.SubprocessHook"}
{"timestamp":"2026-08-05T15:27:53.484202","level":"info","event":"There are 1 unused configuration paths:","logger":"airflow.task.hooks.airflow.providers.standard.hooks.subprocess.SubprocessHook"}
{"timestamp":"2026-08-05T15:27:53.484287","level":"info","event":"- models.snapshot.zomato","logger":"airflow.task.hooks.airflow.providers.standard.hooks.subprocess.SubprocessHook"}
{"timestamp":"2026-08-05T15:27:53.637521","level":"info","event":"\u001b[0m15:27:53  Found 16 models, 6 seeds, 27 data tests, 7 sources, 622 macros","logger":"airflow.task.hooks.airflow.providers.standard.hooks.subprocess.SubprocessHook"}
{"timestamp":"2026-08-05T15:27:53.638878","level":"info","event":"\u001b[0m15:27:53  [\u001b[33mWARNING\u001b[0m]: The selection criterion 'tag:ai' does not match any enabled nodes","logger":"airflow.task.hooks.airflow.providers.standard.hooks.subprocess.SubprocessHook"}
{"timestamp":"2026-08-05T15:27:53.640475","level":"info","event":"\u001b[0m15:27:53","logger":"airflow.task.hooks.airflow.providers.standard.hooks.subprocess.SubprocessHook"}
{"timestamp":"2026-08-05T15:27:53.640793","level":"info","event":"\u001b[0m15:27:53  Concurrency: 16 threads (target='dev')","logger":"airflow.task.hooks.airflow.providers.standard.hooks.subprocess.SubprocessHook"}
{"timestamp":"2026-08-05T15:27:53.641081","level":"info","event":"\u001b[0m15:27:53","logger":"airflow.task.hooks.airflow.providers.standard.hooks.subprocess.SubprocessHook"}
{"timestamp":"2026-08-05T15:28:05.720648","level":"info","event":"\u001b[0m15:28:05  1 of 49 START sql table model marts.dim_date ................................... [RUN]","logger":"airflow.task.hooks.airflow.providers.standard.hooks.subprocess.SubprocessHook"}
{"timestamp":"2026-08-05T15:28:05.721338","level":"info","event":"\u001b[0m15:28:05  2 of 49 START sql view model staging.stg_food .................................. [RUN]","logger":"airflow.task.hooks.airflow.providers.standard.hooks.subprocess.SubprocessHook"}
{"timestamp":"2026-08-05T15:28:05.721380","level":"info","event":"\u001b[0m15:28:05  3 of 49 START sql view model staging.stg_menu .................................. [RUN]","logger":"airflow.task.hooks.airflow.providers.standard.hooks.subprocess.SubprocessHook"}
{"timestamp":"2026-08-05T15:28:05.721899","level":"info","event":"\u001b[0m15:28:05  4 of 49 START sql view model staging.stg_order_items ........................... [RUN]","logger":"airflow.task.hooks.airflow.providers.standard.hooks.subprocess.SubprocessHook"}
{"timestamp":"2026-08-05T15:28:05.722820","level":"info","event":"\u001b[0m15:28:05  5 of 49 START sql view model staging.stg_orders ................................ [RUN]","logger":"airflow.task.hooks.airflow.providers.standard.hooks.subprocess.SubprocessHook"}
{"timestamp":"2026-08-05T15:28:05.723744","level":"info","event":"\u001b[0m15:28:05  6 of 49 START sql view model staging.stg_restaurants ........................... [RUN]","logger":"airflow.task.hooks.airflow.providers.standard.hooks.subprocess.SubprocessHook"}
{"timestamp":"2026-08-05T15:28:05.724389","level":"info","event":"\u001b[0m15:28:05  7 of 49 START sql view model staging.stg_users ................................. [RUN]","logger":"airflow.task.hooks.airflow.providers.standard.hooks.subprocess.SubprocessHook"}
{"timestamp":"2026-08-05T15:28:05.724781","level":"info","event":"\u001b[0m15:28:05  8 of 49 START seed file raw.raw_customers ...................................... [RUN]","logger":"airflow.task.hooks.airflow.providers.standard.hooks.subprocess.SubprocessHook"}
{"timestamp":"2026-08-05T15:28:05.725407","level":"info","event":"\u001b[0m15:28:05  9 of 49 START seed file raw.raw_items .......................................... [RUN]","logger":"airflow.task.hooks.airflow.providers.standard.hooks.subprocess.SubprocessHook"}
{"timestamp":"2026-08-05T15:28:05.725738","level":"info","event":"\u001b[0m15:28:05  10 of 49 START seed file raw.raw_orders ........................................ [RUN]","logger":"airflow.task.hooks.airflow.providers.standard.hooks.subprocess.SubprocessHook"}
{"timestamp":"2026-08-05T15:28:05.726054","level":"info","event":"\u001b[0m15:28:05  11 of 49 START seed file raw.raw_products ...................................... [RUN]","logger":"airflow.task.hooks.airflow.providers.standard.hooks.subprocess.SubprocessHook"}
{"timestamp":"2026-08-05T15:28:05.726714","level":"info","event":"\u001b[0m15:28:05  12 of 49 START seed file raw.raw_stores ........................................ [RUN]","logger":"airflow.task.hooks.airflow.providers.standard.hooks.subprocess.SubprocessHook"}
{"timestamp":"2026-08-05T15:28:05.726987","level":"info","event":"\u001b[0m15:28:05  13 of 49 START seed file raw.raw_supplies ...................................... [RUN]","logger":"airflow.task.hooks.airflow.providers.standard.hooks.subprocess.SubprocessHook"}
{"timestamp":"2026-08-05T15:28:08.128001","level":"info","event":"\u001b[0m15:28:08  4 of 49 OK created sql view model staging.stg_order_items ...................... [\u001b[32mSUCCESS 1\u001b[0m in 2.39s]","logger":"airflow.task.hooks.airflow.providers.standard.hooks.subprocess.SubprocessHook"}
{"timestamp":"2026-08-05T15:28:08.132972","level":"info","event":"\u001b[0m15:28:08  14 of 49 START test not_null_stg_order_items_line_amount ....................... [RUN]","logger":"airflow.task.hooks.airflow.providers.standard.hooks.subprocess.SubprocessHook"}
{"timestamp":"2026-08-05T15:28:08.134062","level":"info","event":"\u001b[0m15:28:08  15 of 49 START test not_null_stg_order_items_order_id .......................... [RUN]","logger":"airflow.task.hooks.airflow.providers.standard.hooks.subprocess.SubprocessHook"}
{"timestamp":"2026-08-05T15:28:08.135291","level":"info","event":"\u001b[0m15:28:08  16 of 49 START test not_null_stg_order_items_order_item_id ..................... [RUN]","logger":"airflow.task.hooks.airflow.providers.standard.hooks.subprocess.SubprocessHook"}
{"timestamp":"2026-08-05T15:28:08.137180","level":"info","event":"\u001b[0m15:28:08  17 of 49 START test not_null_stg_order_items_restaurant_id ..................... [RUN]","logger":"airflow.task.hooks.airflow.providers.standard.hooks.subprocess.SubprocessHook"}
{"timestamp":"2026-08-05T15:28:08.169077","level":"info","event":"\u001b[0m15:28:08  5 of 49 OK created sql view model staging.stg_orders ........................... [\u001b[32mSUCCESS 1\u001b[0m in 2.43s]","logger":"airflow.task.hooks.airflow.providers.standard.hooks.subprocess.SubprocessHook"}
{"timestamp":"2026-08-05T15:28:08.186670","level":"info","event":"\u001b[0m15:28:08  18 of 49 START test unique_stg_order_items_order_item_id ....................... [RUN]","logger":"airflow.task.hooks.airflow.providers.standard.hooks.subprocess.SubprocessHook"}
{"timestamp":"2026-08-05T15:28:08.264941","level":"info","event":"\u001b[0m15:28:08  7 of 49 OK created sql view model staging.stg_users ............................ [\u001b[32mSUCCESS 1\u001b[0m in 2.51s]","logger":"airflow.task.hooks.airflow.providers.standard.hooks.subprocess.SubprocessHook"}
{"timestamp":"2026-08-05T15:28:08.267192","level":"info","event":"\u001b[0m15:28:08  2 of 49 OK created sql view model staging.stg_food ............................. [\u001b[32mSUCCESS 1\u001b[0m in 2.51s]","logger":"airflow.task.hooks.airflow.providers.standard.hooks.subprocess.SubprocessHook"}
{"timestamp":"2026-08-05T15:28:08.279117","level":"info","event":"\u001b[0m15:28:08  19 of 49 START test not_null_stg_orders_customer_id ............................ [RUN]","logger":"airflow.task.hooks.airflow.providers.standard.hooks.subprocess.SubprocessHook"}
{"timestamp":"2026-08-05T15:28:08.284385","level":"info","event":"\u001b[0m15:28:08  20 of 49 START test not_null_stg_orders_order_id ............................... [RUN]","logger":"airflow.task.hooks.airflow.providers.standard.hooks.subprocess.SubprocessHook"}
{"timestamp":"2026-08-05T15:28:08.370215","level":"info","event":"\u001b[0m15:28:08  3 of 49 OK created sql view model staging.stg_menu ............................. [\u001b[32mSUCCESS 1\u001b[0m in 2.64s]","logger":"airflow.task.hooks.airflow.providers.standard.hooks.subprocess.SubprocessHook"}
{"timestamp":"2026-08-05T15:28:08.371910","level":"info","event":"\u001b[0m15:28:08  21 of 49 START test not_null_stg_orders_restaurant_id .......................... [RUN]","logger":"airflow.task.hooks.airflow.providers.standard.hooks.subprocess.SubprocessHook"}
{"timestamp":"2026-08-05T15:28:08.407530","level":"info","event":"\u001b[0m15:28:08  6 of 49 OK created sql view model staging.stg_restaurants ...................... [\u001b[32mSUCCESS 1\u001b[0m in 2.68s]","logger":"airflow.task.hooks.airflow.providers.standard.hooks.subprocess.SubprocessHook"}
{"timestamp":"2026-08-05T15:28:08.408551","level":"info","event":"\u001b[0m15:28:08  22 of 49 START test unique_stg_orders_order_id ................................. [RUN]","logger":"airflow.task.hooks.airflow.providers.standard.hooks.subprocess.SubprocessHook"}
{"timestamp":"2026-08-05T15:28:08.601555","level":"info","event":"\u001b[0m15:28:08  1 of 49 OK created sql table model marts.dim_date .............................. [\u001b[32mSUCCESS 1\u001b[0m in 2.88s]","logger":"airflow.task.hooks.airflow.providers.standard.hooks.subprocess.SubprocessHook"}
{"timestamp":"2026-08-05T15:28:08.603123","level":"info","event":"\u001b[0m15:28:08  23 of 49 START test not_null_stg_users_user_id ................................. [RUN]","logger":"airflow.task.hooks.airflow.providers.standard.hooks.subprocess.SubprocessHook"}
{"timestamp":"2026-08-05T15:28:10.562509","level":"info","event":"\u001b[0m15:28:10  14 of 49 PASS not_null_stg_order_items_line_amount ............................. [\u001b[32mPASS\u001b[0m in 2.43s]","logger":"airflow.task.hooks.airflow.providers.standard.hooks.subprocess.SubprocessHook"}
{"timestamp":"2026-08-05T15:28:10.565471","level":"info","event":"\u001b[0m15:28:10  24 of 49 START test unique_stg_users_user_id ................................... [RUN]","logger":"airflow.task.hooks.airflow.providers.standard.hooks.subprocess.SubprocessHook"}
{"timestamp":"2026-08-05T15:28:10.685635","level":"info","event":"\u001b[0m15:28:10  19 of 49 PASS not_null_stg_orders_customer_id .................................. [\u001b[32mPASS\u001b[0m in 2.40s]","logger":"airflow.task.hooks.airflow.providers.standard.hooks.subprocess.SubprocessHook"}
{"timestamp":"2026-08-05T15:28:10.687206","level":"info","event":"\u001b[0m15:28:10  25 of 49 START test not_null_stg_food_f_id ..................................... [RUN]","logger":"airflow.task.hooks.airflow.providers.standard.hooks.subprocess.SubprocessHook"}
{"timestamp":"2026-08-05T15:28:10.694310","level":"info","event":"\u001b[0m15:28:10  17 of 49 PASS not_null_stg_order_items_restaurant_id ........................... [\u001b[32mPASS\u001b[0m in 2.55s]","logger":"airflow.task.hooks.airflow.providers.standard.hooks.subprocess.SubprocessHook"}
{"timestamp":"2026-08-05T15:28:10.696764","level":"info","event":"\u001b[0m15:28:10  26 of 49 START test unique_stg_food_f_id ....................................... [RUN]","logger":"airflow.task.hooks.airflow.providers.standard.hooks.subprocess.SubprocessHook"}
{"timestamp":"2026-08-05T15:28:10.729127","level":"info","event":"\u001b[0m15:28:10  20 of 49 PASS not_null_stg_orders_order_id ..................................... [\u001b[32mPASS\u001b[0m in 2.44s]","logger":"airflow.task.hooks.airflow.providers.standard.hooks.subprocess.SubprocessHook"}
{"timestamp":"2026-08-05T15:28:10.731766","level":"info","event":"\u001b[0m15:28:10  27 of 49 START test not_null_stg_menu_f_id ..................................... [RUN]","logger":"airflow.task.hooks.airflow.providers.standard.hooks.subprocess.SubprocessHook"}
{"timestamp":"2026-08-05T15:28:10.750193","level":"info","event":"\u001b[0m15:28:10  21 of 49 PASS not_null_stg_orders_restaurant_id ................................ [\u001b[32mPASS\u001b[0m in 2.38s]","logger":"airflow.task.hooks.airflow.providers.standard.hooks.subprocess.SubprocessHook"}
{"timestamp":"2026-08-05T15:28:10.753248","level":"info","event":"\u001b[0m15:28:10  28 of 49 START test not_null_stg_menu_menu_id .................................. [RUN]","logger":"airflow.task.hooks.airflow.providers.standard.hooks.subprocess.SubprocessHook"}
{"timestamp":"2026-08-05T15:28:10.791112","level":"info","event":"\u001b[0m15:28:10  12 of 49 OK loaded seed file raw.raw_stores .................................... [\u001b[32mINSERT 6\u001b[0m in 5.06s]","logger":"airflow.task.hooks.airflow.providers.standard.hooks.subprocess.SubprocessHook"}
{"timestamp":"2026-08-05T15:28:10.792169","level":"info","event":"\u001b[0m15:28:10  29 of 49 START test not_null_stg_menu_restaurant_id ............................ [RUN]","logger":"airflow.task.hooks.airflow.providers.standard.hooks.subprocess.SubprocessHook"}
{"timestamp":"2026-08-05T15:28:10.919633","level":"info","event":"\u001b[0m15:28:10  18 of 49 PASS unique_stg_order_items_order_item_id ............................. [\u001b[32mPASS\u001b[0m in 2.73s]","logger":"airflow.task.hooks.airflow.providers.standard.hooks.subprocess.SubprocessHook"}
{"timestamp":"2026-08-05T15:28:10.920629","level":"info","event":"\u001b[0m15:28:10  30 of 49 START test not_null_stg_restaurants_restaurant_id ..................... [RUN]","logger":"airflow.task.hooks.airflow.providers.standard.hooks.subprocess.SubprocessHook"}
{"timestamp":"2026-08-05T15:28:10.975719","level":"info","event":"\u001b[0m15:28:10  8 of 49 OK loaded seed file raw.raw_customers .................................. [\u001b[32mINSERT 128\u001b[0m in 5.25s]","logger":"airflow.task.hooks.airflow.providers.standard.hooks.subprocess.SubprocessHook"}
{"timestamp":"2026-08-05T15:28:10.976584","level":"info","event":"\u001b[0m15:28:10  31 of 49 START test unique_stg_restaurants_restaurant_id ....................... [RUN]","logger":"airflow.task.hooks.airflow.providers.standard.hooks.subprocess.SubprocessHook"}
{"timestamp":"2026-08-05T15:28:10.982399","level":"info","event":"\u001b[0m15:28:10  15 of 49 PASS not_null_stg_order_items_order_id ................................ [\u001b[32mPASS\u001b[0m in 2.84s]","logger":"airflow.task.hooks.airflow.providers.standard.hooks.subprocess.SubprocessHook"}
{"timestamp":"2026-08-05T15:28:11.012993","level":"info","event":"\u001b[0m15:28:11  16 of 49 PASS not_null_stg_order_items_order_item_id ........................... [\u001b[32mPASS\u001b[0m in 2.87s]","logger":"airflow.task.hooks.airflow.providers.standard.hooks.subprocess.SubprocessHook"}
{"timestamp":"2026-08-05T15:28:11.097323","level":"info","event":"\u001b[0m15:28:11  13 of 49 OK loaded seed file raw.raw_supplies .................................. [\u001b[32mINSERT 65\u001b[0m in 5.37s]","logger":"airflow.task.hooks.airflow.providers.standard.hooks.subprocess.SubprocessHook"}
{"timestamp":"2026-08-05T15:28:11.116088","level":"info","event":"\u001b[0m15:28:11  11 of 49 OK loaded seed file raw.raw_products .................................. [\u001b[32mINSERT 10\u001b[0m in 5.39s]","logger":"airflow.task.hooks.airflow.providers.standard.hooks.subprocess.SubprocessHook"}
{"timestamp":"2026-08-05T15:28:11.255040","level":"info","event":"\u001b[0m15:28:11  22 of 49 PASS unique_stg_orders_order_id ....................................... [\u001b[32mPASS\u001b[0m in 2.85s]","logger":"airflow.task.hooks.airflow.providers.standard.hooks.subprocess.SubprocessHook"}
{"timestamp":"2026-08-05T15:28:11.256905","level":"info","event":"\u001b[0m15:28:11  32 of 49 START sql incremental model marts.fact_order_items .................... [RUN]","logger":"airflow.task.hooks.airflow.providers.standard.hooks.subprocess.SubprocessHook"}
{"timestamp":"2026-08-05T15:28:11.257288","level":"info","event":"\u001b[0m15:28:11  33 of 49 START sql incremental model marts.fact_orders ......................... [RUN]","logger":"airflow.task.hooks.airflow.providers.standard.hooks.subprocess.SubprocessHook"}
{"timestamp":"2026-08-05T15:28:11.259954","level":"info","event":"\u001b[0m15:28:11  23 of 49 PASS not_null_stg_users_user_id ....................................... [\u001b[32mPASS\u001b[0m in 2.66s]","logger":"airflow.task.hooks.airflow.providers.standard.hooks.subprocess.SubprocessHook"}
{"timestamp":"2026-08-05T15:28:11.315657","level":"info","event":"\u001b[0m15:28:11  9 of 49 OK loaded seed file raw.raw_items ...................................... [\u001b[32mINSERT 997\u001b[0m in 5.59s]","logger":"airflow.task.hooks.airflow.providers.standard.hooks.subprocess.SubprocessHook"}
{"timestamp":"2026-08-05T15:28:11.542281","level":"info","event":"\u001b[0m15:28:11  10 of 49 OK loaded seed file raw.raw_orders .................................... [\u001b[32mINSERT 686\u001b[0m in 5.81s]","logger":"airflow.task.hooks.airflow.providers.standard.hooks.subprocess.SubprocessHook"}
{"timestamp":"2026-08-05T15:28:12.038895","level":"info","event":"\u001b[0m15:28:12  25 of 49 PASS not_null_stg_food_f_id ........................................... [\u001b[32mPASS\u001b[0m in 1.35s]","logger":"airflow.task.hooks.airflow.providers.standard.hooks.subprocess.SubprocessHook"}
{"timestamp":"2026-08-05T15:28:12.064754","level":"info","event":"\u001b[0m15:28:12  27 of 49 PASS not_null_stg_menu_f_id ........................................... [\u001b[32mPASS\u001b[0m in 1.33s]","logger":"airflow.task.hooks.airflow.providers.standard.hooks.subprocess.SubprocessHook"}
{"timestamp":"2026-08-05T15:28:12.111875","level":"info","event":"\u001b[0m15:28:12  30 of 49 PASS not_null_stg_restaurants_restaurant_id ........................... [\u001b[32mPASS\u001b[0m in 1.19s]","logger":"airflow.task.hooks.airflow.providers.standard.hooks.subprocess.SubprocessHook"}
{"timestamp":"2026-08-05T15:28:12.164462","level":"info","event":"\u001b[0m15:28:12  28 of 49 PASS not_null_stg_menu_menu_id ........................................ [\u001b[32mPASS\u001b[0m in 1.41s]","logger":"airflow.task.hooks.airflow.providers.standard.hooks.subprocess.SubprocessHook"}
{"timestamp":"2026-08-05T15:28:12.178008","level":"info","event":"\u001b[0m15:28:12  24 of 49 PASS unique_stg_users_user_id ......................................... [\u001b[32mPASS\u001b[0m in 1.61s]","logger":"airflow.task.hooks.airflow.providers.standard.hooks.subprocess.SubprocessHook"}
{"timestamp":"2026-08-05T15:28:12.180876","level":"info","event":"\u001b[0m15:28:12  34 of 49 START sql table model marts.dim_customer .............................. [RUN]","logger":"airflow.task.hooks.airflow.providers.standard.hooks.subprocess.SubprocessHook"}
{"timestamp":"2026-08-05T15:28:12.211456","level":"info","event":"\u001b[0m15:28:12  26 of 49 PASS unique_stg_food_f_id ............................................. [\u001b[32mPASS\u001b[0m in 1.51s]","logger":"airflow.task.hooks.airflow.providers.standard.hooks.subprocess.SubprocessHook"}
{"timestamp":"2026-08-05T15:28:12.213150","level":"info","event":"\u001b[0m15:28:12  35 of 49 START sql table model marts.dim_food .................................. [RUN]","logger":"airflow.task.hooks.airflow.providers.standard.hooks.subprocess.SubprocessHook"}
{"timestamp":"2026-08-05T15:28:12.305480","level":"info","event":"\u001b[0m15:28:12  29 of 49 PASS not_null_stg_menu_restaurant_id .................................. [\u001b[32mPASS\u001b[0m in 1.51s]","logger":"airflow.task.hooks.airflow.providers.standard.hooks.subprocess.SubprocessHook"}
{"timestamp":"2026-08-05T15:28:12.425990","level":"info","event":"\u001b[0m15:28:12  31 of 49 PASS unique_stg_restaurants_restaurant_id ............................. [\u001b[32mPASS\u001b[0m in 1.45s]","logger":"airflow.task.hooks.airflow.providers.standard.hooks.subprocess.SubprocessHook"}
{"timestamp":"2026-08-05T15:28:12.428333","level":"info","event":"\u001b[0m15:28:12  36 of 49 START sql table model marts.dim_restaurants ........................... [RUN]","logger":"airflow.task.hooks.airflow.providers.standard.hooks.subprocess.SubprocessHook"}
{"timestamp":"2026-08-05T15:28:12.428830","level":"info","event":"\u001b[0m15:28:12  37 of 49 START sql view model staging.stg_reviews .............................. [RUN]","logger":"airflow.task.hooks.airflow.providers.standard.hooks.subprocess.SubprocessHook"}
{"timestamp":"2026-08-05T15:28:14.353552","level":"info","event":"\u001b[0m15:28:14  37 of 49 OK created sql view model staging.stg_reviews ......................... [\u001b[32mSUCCESS 1\u001b[0m in 1.92s]","logger":"airflow.task.hooks.airflow.providers.standard.hooks.subprocess.SubprocessHook"}
{"timestamp":"2026-08-05T15:28:14.359173","level":"info","event":"\u001b[0m15:28:14  38 of 49 START test not_null_stg_reviews_customer_id ........................... [RUN]","logger":"airflow.task.hooks.airflow.providers.standard.hooks.subprocess.SubprocessHook"}
{"timestamp":"2026-08-05T15:28:14.360938","level":"info","event":"\u001b[0m15:28:14  39 of 49 START test not_null_stg_reviews_order_id .............................. [RUN]","logger":"airflow.task.hooks.airflow.providers.standard.hooks.subprocess.SubprocessHook"}
{"timestamp":"2026-08-05T15:28:14.361636","level":"info","event":"\u001b[0m15:28:14  40 of 49 START test not_null_stg_reviews_restaurant_id ......................... [RUN]","logger":"airflow.task.hooks.airflow.providers.standard.hooks.subprocess.SubprocessHook"}
{"timestamp":"2026-08-05T15:28:14.362828","level":"info","event":"\u001b[0m15:28:14  41 of 49 START test not_null_stg_reviews_review_id ............................. [RUN]","logger":"airflow.task.hooks.airflow.providers.standard.hooks.subprocess.SubprocessHook"}
{"timestamp":"2026-08-05T15:28:14.363520","level":"info","event":"\u001b[0m15:28:14  42 of 49 START test unique_stg_reviews_review_id ............................... [RUN]","logger":"airflow.task.hooks.airflow.providers.standard.hooks.subprocess.SubprocessHook"}
{"timestamp":"2026-08-05T15:28:14.499664","level":"info","event":"\u001b[0m15:28:14  34 of 49 OK created sql table model marts.dim_customer ......................... [\u001b[32mSUCCESS 1\u001b[0m in 2.32s]","logger":"airflow.task.hooks.airflow.providers.standard.hooks.subprocess.SubprocessHook"}
{"timestamp":"2026-08-05T15:28:14.637711","level":"info","event":"\u001b[0m15:28:14  36 of 49 OK created sql table model marts.dim_restaurants ...................... [\u001b[32mSUCCESS 1\u001b[0m in 2.21s]","logger":"airflow.task.hooks.airflow.providers.standard.hooks.subprocess.SubprocessHook"}
{"timestamp":"2026-08-05T15:28:14.670464","level":"info","event":"\u001b[0m15:28:14  35 of 49 OK created sql table model marts.dim_food ............................. [\u001b[32mSUCCESS 1\u001b[0m in 2.46s]","logger":"airflow.task.hooks.airflow.providers.standard.hooks.subprocess.SubprocessHook"}
{"timestamp":"2026-08-05T15:28:15.136470","level":"info","event":"\u001b[0m15:28:15  32 of 49 OK created sql incremental model marts.fact_order_items ............... [\u001b[32mSUCCESS 0\u001b[0m in 3.88s]","logger":"airflow.task.hooks.airflow.providers.standard.hooks.subprocess.SubprocessHook"}
{"timestamp":"2026-08-05T15:28:15.175446","level":"info","event":"\u001b[0m15:28:15  33 of 49 OK created sql incremental model marts.fact_orders .................... [\u001b[32mSUCCESS 0\u001b[0m in 3.92s]","logger":"airflow.task.hooks.airflow.providers.standard.hooks.subprocess.SubprocessHook"}
{"timestamp":"2026-08-05T15:28:15.179419","level":"info","event":"\u001b[0m15:28:15  43 of 49 START test accepted_values_fact_orders_order_status__Delivered__Cancelled__Refunded  [RUN]","logger":"airflow.task.hooks.airflow.providers.standard.hooks.subprocess.SubprocessHook"}
{"timestamp":"2026-08-05T15:28:15.180596","level":"info","event":"\u001b[0m15:28:15  44 of 49 START test not_null_fact_orders_order_id .............................. [RUN]","logger":"airflow.task.hooks.airflow.providers.standard.hooks.subprocess.SubprocessHook"}
{"timestamp":"2026-08-05T15:28:15.181138","level":"info","event":"\u001b[0m15:28:15  45 of 49 START test relationships_fact_orders_customer_id__customer_id___ref_dim_customer_  [RUN]","logger":"airflow.task.hooks.airflow.providers.standard.hooks.subprocess.SubprocessHook"}
{"timestamp":"2026-08-05T15:28:15.182467","level":"info","event":"\u001b[0m15:28:15  46 of 49 START test unique_fact_orders_order_id ................................ [RUN]","logger":"airflow.task.hooks.airflow.providers.standard.hooks.subprocess.SubprocessHook"}
{"timestamp":"2026-08-05T15:28:15.833898","level":"info","event":"\u001b[0m15:28:15  39 of 49 PASS not_null_stg_reviews_order_id .................................... [\u001b[32mPASS\u001b[0m in 1.47s]","logger":"airflow.task.hooks.airflow.providers.standard.hooks.subprocess.SubprocessHook"}
{"timestamp":"2026-08-05T15:28:15.864066","level":"info","event":"\u001b[0m15:28:15  41 of 49 PASS not_null_stg_reviews_review_id ................................... [\u001b[32mPASS\u001b[0m in 1.50s]","logger":"airflow.task.hooks.airflow.providers.standard.hooks.subprocess.SubprocessHook"}
{"timestamp":"2026-08-05T15:28:15.887510","level":"info","event":"\u001b[0m15:28:15  38 of 49 PASS not_null_stg_reviews_customer_id ................................. [\u001b[32mPASS\u001b[0m in 1.52s]","logger":"airflow.task.hooks.airflow.providers.standard.hooks.subprocess.SubprocessHook"}
{"timestamp":"2026-08-05T15:28:15.919625","level":"info","event":"\u001b[0m15:28:15  40 of 49 PASS not_null_stg_reviews_restaurant_id ............................... [\u001b[32mPASS\u001b[0m in 1.55s]","logger":"airflow.task.hooks.airflow.providers.standard.hooks.subprocess.SubprocessHook"}
{"timestamp":"2026-08-05T15:28:16.071160","level":"info","event":"\u001b[0m15:28:16  42 of 49 PASS unique_stg_reviews_review_id ..................................... [\u001b[32mPASS\u001b[0m in 1.70s]","logger":"airflow.task.hooks.airflow.providers.standard.hooks.subprocess.SubprocessHook"}
{"timestamp":"2026-08-05T15:28:16.583034","level":"info","event":"\u001b[0m15:28:16  44 of 49 PASS not_null_fact_orders_order_id .................................... [\u001b[32mPASS\u001b[0m in 1.40s]","logger":"airflow.task.hooks.airflow.providers.standard.hooks.subprocess.SubprocessHook"}
{"timestamp":"2026-08-05T15:28:16.666604","level":"info","event":"\u001b[0m15:28:16  46 of 49 PASS unique_fact_orders_order_id ...................................... [\u001b[32mPASS\u001b[0m in 1.48s]","logger":"airflow.task.hooks.airflow.providers.standard.hooks.subprocess.SubprocessHook"}
{"timestamp":"2026-08-05T15:28:16.680160","level":"info","event":"\u001b[0m15:28:16  43 of 49 PASS accepted_values_fact_orders_order_status__Delivered__Cancelled__Refunded  [\u001b[32mPASS\u001b[0m in 1.50s]","logger":"airflow.task.hooks.airflow.providers.standard.hooks.subprocess.SubprocessHook"}
{"timestamp":"2026-08-05T15:28:16.684588","level":"info","event":"\u001b[0m15:28:16  47 of 49 START sql table model marts.mart_daily_city_revenue ................... [RUN]","logger":"airflow.task.hooks.airflow.providers.standard.hooks.subprocess.SubprocessHook"}
{"timestamp":"2026-08-05T15:28:16.685163","level":"info","event":"\u001b[0m15:28:16  48 of 49 START sql table model marts.mart_delivery_sla ......................... [RUN]","logger":"airflow.task.hooks.airflow.providers.standard.hooks.subprocess.SubprocessHook"}
{"timestamp":"2026-08-05T15:28:16.685522","level":"info","event":"\u001b[0m15:28:16  49 of 49 START sql table model marts.mart_restaurant_performance ............... [RUN]","logger":"airflow.task.hooks.airflow.providers.standard.hooks.subprocess.SubprocessHook"}
{"timestamp":"2026-08-05T15:28:17.242245","level":"info","event":"\u001b[0m15:28:17  45 of 49 PASS relationships_fact_orders_customer_id__customer_id___ref_dim_customer_  [\u001b[32mPASS\u001b[0m in 2.00s]","logger":"airflow.task.hooks.airflow.providers.standard.hooks.subprocess.SubprocessHook"}
{"timestamp":"2026-08-05T15:28:19.889284","level":"info","event":"\u001b[0m15:28:19  47 of 49 OK created sql table model marts.mart_daily_city_revenue .............. [\u001b[32mSUCCESS 1\u001b[0m in 3.20s]","logger":"airflow.task.hooks.airflow.providers.standard.hooks.subprocess.SubprocessHook"}
{"timestamp":"2026-08-05T15:28:19.896985","level":"info","event":"\u001b[0m15:28:19  48 of 49 OK created sql table model marts.mart_delivery_sla .................... [\u001b[32mSUCCESS 1\u001b[0m in 3.21s]","logger":"airflow.task.hooks.airflow.providers.standard.hooks.subprocess.SubprocessHook"}
{"timestamp":"2026-08-05T15:28:20.059475","level":"info","event":"\u001b[0m15:28:20  49 of 49 OK created sql table model marts.mart_restaurant_performance .......... [\u001b[32mSUCCESS 1\u001b[0m in 3.37s]","logger":"airflow.task.hooks.airflow.providers.standard.hooks.subprocess.SubprocessHook"}
{"timestamp":"2026-08-05T15:28:20.083229","level":"info","event":"\u001b[0m15:28:20","logger":"airflow.task.hooks.airflow.providers.standard.hooks.subprocess.SubprocessHook"}
{"timestamp":"2026-08-05T15:28:20.083676","level":"info","event":"\u001b[0m15:28:20  Finished running 2 incremental models, 6 seeds, 7 table models, 27 data tests, 7 view models in 0 hours 0 minutes and 26.44 seconds (26.44s).","logger":"airflow.task.hooks.airflow.providers.standard.hooks.subprocess.SubprocessHook"}
{"timestamp":"2026-08-05T15:28:20.153229","level":"info","event":"\u001b[0m15:28:20","logger":"airflow.task.hooks.airflow.providers.standard.hooks.subprocess.SubprocessHook"}
{"timestamp":"2026-08-05T15:28:20.153446","level":"info","event":"\u001b[0m15:28:20  \u001b[32mCompleted successfully\u001b[0m","logger":"airflow.task.hooks.airflow.providers.standard.hooks.subprocess.SubprocessHook"}
{"timestamp":"2026-08-05T15:28:20.153777","level":"info","event":"\u001b[0m15:28:20","logger":"airflow.task.hooks.airflow.providers.standard.hooks.subprocess.SubprocessHook"}
{"timestamp":"2026-08-05T15:28:20.154157","level":"info","event":"\u001b[0m15:28:20  Done. PASS=49 WARN=0 ERROR=0 SKIP=0 NO-OP=0 REUSED=0 TOTAL=49","logger":"airflow.task.hooks.airflow.providers.standard.hooks.subprocess.SubprocessHook"}
{"timestamp":"2026-08-05T15:28:23.735814","level":"info","event":"Command exited with return code 0","logger":"airflow.task.hooks.airflow.providers.standard.hooks.subprocess.SubprocessHook"}
{"timestamp":"2026-08-05T15:28:23.750349","level":"info","event":"Pushing xcom","ti":"RuntimeTaskInstance(id=UUID('019fd289-7db4-7d56-b7d6-3e831a0d65ab'), task_id='dbt_build_core', dag_id='zomato_batch', run_id='manual__2026-08-05T15:27:33.730591+00:00', try_number=1, map_index=-1, hostname='9e49c7a6c571', context_carrier=None, task=<Task(BashOperator): dbt_build_core>, bundle_instance=LocalDagBundle(name=dags-folder), max_tries=0, start_date=datetime.datetime(2026, 8, 5, 15, 27, 47, 960387, tzinfo=datetime.timezone.utc), end_date=None, state=<TaskInstanceState.RUNNING: 'running'>, is_mapped=False, rendered_map_index=None, log_url='http://localhost:8080/dags/zomato_batch/runs/manual__2026-08-05T15%3A27%3A33.730591%2B00%3A00/tasks/dbt_build_core?try_number=1')","logger":"task"}
