{"timestamp":"2026-08-12T10:22:45.524643","level":"info","event":"DAG bundles loaded: dags-folder","logger":"airflow.dag_processing.bundles.manager.DagBundlesManager"}
{"timestamp":"2026-08-12T10:22:45.525363","level":"info","event":"Filling up the DagBag from /opt/airflow/dags/zomato_batch.py","logger":"airflow.models.dagbag.DagBag"}
{"timestamp":"2026-08-12T10:22:45.628233","level":"info","event":"Tmp dir root location: /tmp","logger":"airflow.task.hooks.airflow.providers.standard.hooks.subprocess.SubprocessHook"}
{"timestamp":"2026-08-12T10:22:45.630735","level":"info","event":"Running command: ['/usr/bin/bash', '-c', '/opt/airflow/dbt_venv/bin/dbt build --exclude tag:ai --project-dir /opt/airflow/dbt/zomato --profiles-dir /opt/airflow/dbt/zomato']","logger":"airflow.task.hooks.airflow.providers.standard.hooks.subprocess.SubprocessHook"}
{"timestamp":"2026-08-12T10:22:45.643035","level":"info","event":"Output:","logger":"airflow.task.hooks.airflow.providers.standard.hooks.subprocess.SubprocessHook"}
{"timestamp":"2026-08-12T10:22:47.353217","level":"info","event":"\u001b[0m10:22:47  Running with dbt=1.12.0","logger":"airflow.task.hooks.airflow.providers.standard.hooks.subprocess.SubprocessHook"}
{"timestamp":"2026-08-12T10:22:47.904175","level":"info","event":"\u001b[0m10:22:47  Registered adapter: snowflake=1.8.4","logger":"airflow.task.hooks.airflow.providers.standard.hooks.subprocess.SubprocessHook"}
{"timestamp":"2026-08-12T10:22:48.512105","level":"info","event":"\u001b[0m10:22:48  [\u001b[33mWARNING\u001b[0m]: Configuration paths exist in your dbt_project.yml file which do not apply to any resources.","logger":"airflow.task.hooks.airflow.providers.standard.hooks.subprocess.SubprocessHook"}
{"timestamp":"2026-08-12T10:22:48.513185","level":"info","event":"There are 1 unused configuration paths:","logger":"airflow.task.hooks.airflow.providers.standard.hooks.subprocess.SubprocessHook"}
{"timestamp":"2026-08-12T10:22:48.513653","level":"info","event":"- models.snapshot.zomato","logger":"airflow.task.hooks.airflow.providers.standard.hooks.subprocess.SubprocessHook"}
{"timestamp":"2026-08-12T10:22:48.693131","level":"info","event":"\u001b[0m10:22:48  Found 17 models, 6 seeds, 27 data tests, 8 sources, 622 macros","logger":"airflow.task.hooks.airflow.providers.standard.hooks.subprocess.SubprocessHook"}
{"timestamp":"2026-08-12T10:22:48.696553","level":"info","event":"\u001b[0m10:22:48","logger":"airflow.task.hooks.airflow.providers.standard.hooks.subprocess.SubprocessHook"}
{"timestamp":"2026-08-12T10:22:48.696871","level":"info","event":"\u001b[0m10:22:48  Concurrency: 16 threads (target='dev')","logger":"airflow.task.hooks.airflow.providers.standard.hooks.subprocess.SubprocessHook"}
{"timestamp":"2026-08-12T10:22:48.697111","level":"info","event":"\u001b[0m10:22:48","logger":"airflow.task.hooks.airflow.providers.standard.hooks.subprocess.SubprocessHook"}
{"timestamp":"2026-08-12T10:22:54.618478","level":"info","event":"\u001b[0m10:22:54  1 of 49 START sql table model marts.dim_date ................................... [RUN]","logger":"airflow.task.hooks.airflow.providers.standard.hooks.subprocess.SubprocessHook"}
{"timestamp":"2026-08-12T10:22:54.625297","level":"info","event":"\u001b[0m10:22:54  2 of 49 START sql view model staging.stg_food .................................. [RUN]","logger":"airflow.task.hooks.airflow.providers.standard.hooks.subprocess.SubprocessHook"}
{"timestamp":"2026-08-12T10:22:54.628087","level":"info","event":"\u001b[0m10:22:54  4 of 49 START sql view model staging.stg_order_items ........................... [RUN]","logger":"airflow.task.hooks.airflow.providers.standard.hooks.subprocess.SubprocessHook"}
{"timestamp":"2026-08-12T10:22:54.631404","level":"info","event":"\u001b[0m10:22:54  5 of 49 START sql view model staging.stg_orders ................................ [RUN]","logger":"airflow.task.hooks.airflow.providers.standard.hooks.subprocess.SubprocessHook"}
{"timestamp":"2026-08-12T10:22:54.637139","level":"info","event":"\u001b[0m10:22:54  8 of 49 START seed file raw.raw_customers ...................................... [RUN]","logger":"airflow.task.hooks.airflow.providers.standard.hooks.subprocess.SubprocessHook"}
{"timestamp":"2026-08-12T10:22:54.641827","level":"info","event":"\u001b[0m10:22:54  9 of 49 START seed file raw.raw_items .......................................... [RUN]","logger":"airflow.task.hooks.airflow.providers.standard.hooks.subprocess.SubprocessHook"}
{"timestamp":"2026-08-12T10:22:54.643283","level":"info","event":"\u001b[0m10:22:54  10 of 49 START seed file raw.raw_orders ........................................ [RUN]","logger":"airflow.task.hooks.airflow.providers.standard.hooks.subprocess.SubprocessHook"}
{"timestamp":"2026-08-12T10:22:54.645321","level":"info","event":"\u001b[0m10:22:54  11 of 49 START seed file raw.raw_products ...................................... [RUN]","logger":"airflow.task.hooks.airflow.providers.standard.hooks.subprocess.SubprocessHook"}
{"timestamp":"2026-08-12T10:22:54.649813","level":"info","event":"\u001b[0m10:22:54  13 of 49 START seed file raw.raw_supplies ...................................... [RUN]","logger":"airflow.task.hooks.airflow.providers.standard.hooks.subprocess.SubprocessHook"}
{"timestamp":"2026-08-12T10:22:54.652801","level":"info","event":"\u001b[0m10:22:54  3 of 49 START sql view model staging.stg_menu .................................. [RUN]","logger":"airflow.task.hooks.airflow.providers.standard.hooks.subprocess.SubprocessHook"}
{"timestamp":"2026-08-12T10:22:54.661674","level":"info","event":"\u001b[0m10:22:54  6 of 49 START sql view model staging.stg_restaurants ........................... [RUN]","logger":"airflow.task.hooks.airflow.providers.standard.hooks.subprocess.SubprocessHook"}
{"timestamp":"2026-08-12T10:22:54.665423","level":"info","event":"\u001b[0m10:22:54  7 of 49 START sql view model staging.stg_users ................................. [RUN]","logger":"airflow.task.hooks.airflow.providers.standard.hooks.subprocess.SubprocessHook"}
{"timestamp":"2026-08-12T10:22:54.810766","level":"info","event":"\u001b[0m10:22:54  12 of 49 START seed file raw.raw_stores ........................................ [RUN]","logger":"airflow.task.hooks.airflow.providers.standard.hooks.subprocess.SubprocessHook"}
{"timestamp":"2026-08-12T10:22:56.598742","level":"info","event":"\u001b[0m10:22:56  2 of 49 OK created sql view model staging.stg_food ............................. [\u001b[32mSUCCESS 1\u001b[0m in 1.97s]","logger":"airflow.task.hooks.airflow.providers.standard.hooks.subprocess.SubprocessHook"}
{"timestamp":"2026-08-12T10:22:56.601645","level":"info","event":"\u001b[0m10:22:56  14 of 49 START test not_null_stg_food_f_id ..................................... [RUN]","logger":"airflow.task.hooks.airflow.providers.standard.hooks.subprocess.SubprocessHook"}
{"timestamp":"2026-08-12T10:22:56.602081","level":"info","event":"\u001b[0m10:22:56  15 of 49 START test unique_stg_food_f_id ....................................... [RUN]","logger":"airflow.task.hooks.airflow.providers.standard.hooks.subprocess.SubprocessHook"}
{"timestamp":"2026-08-12T10:22:56.688646","level":"info","event":"\u001b[0m10:22:56  3 of 49 OK created sql view model staging.stg_menu ............................. [\u001b[32mSUCCESS 1\u001b[0m in 1.98s]","logger":"airflow.task.hooks.airflow.providers.standard.hooks.subprocess.SubprocessHook"}
{"timestamp":"2026-08-12T10:22:56.756917","level":"info","event":"\u001b[0m10:22:56  16 of 49 START test not_null_stg_menu_f_id ..................................... [RUN]","logger":"airflow.task.hooks.airflow.providers.standard.hooks.subprocess.SubprocessHook"}
{"timestamp":"2026-08-12T10:22:56.760062","level":"info","event":"\u001b[0m10:22:56  17 of 49 START test not_null_stg_menu_menu_id .................................. [RUN]","logger":"airflow.task.hooks.airflow.providers.standard.hooks.subprocess.SubprocessHook"}
{"timestamp":"2026-08-12T10:22:56.761610","level":"info","event":"\u001b[0m10:22:56  18 of 49 START test not_null_stg_menu_restaurant_id ............................ [RUN]","logger":"airflow.task.hooks.airflow.providers.standard.hooks.subprocess.SubprocessHook"}
{"timestamp":"2026-08-12T10:22:56.814730","level":"info","event":"\u001b[0m10:22:56  7 of 49 OK created sql view model staging.stg_users ............................ [\u001b[32mSUCCESS 1\u001b[0m in 2.15s]","logger":"airflow.task.hooks.airflow.providers.standard.hooks.subprocess.SubprocessHook"}
{"timestamp":"2026-08-12T10:22:56.825056","level":"info","event":"\u001b[0m10:22:56  19 of 49 START test not_null_stg_users_user_id ................................. [RUN]","logger":"airflow.task.hooks.airflow.providers.standard.hooks.subprocess.SubprocessHook"}
{"timestamp":"2026-08-12T10:22:56.826683","level":"info","event":"\u001b[0m10:22:56  4 of 49 OK created sql view model staging.stg_order_items ...................... [\u001b[32mSUCCESS 1\u001b[0m in 2.17s]","logger":"airflow.task.hooks.airflow.providers.standard.hooks.subprocess.SubprocessHook"}
{"timestamp":"2026-08-12T10:22:56.839086","level":"info","event":"\u001b[0m10:22:56  20 of 49 START test unique_stg_users_user_id ................................... [RUN]","logger":"airflow.task.hooks.airflow.providers.standard.hooks.subprocess.SubprocessHook"}
{"timestamp":"2026-08-12T10:22:56.924269","level":"info","event":"\u001b[0m10:22:56  1 of 49 OK created sql table model marts.dim_date .............................. [\u001b[32mSUCCESS 1\u001b[0m in 2.27s]","logger":"airflow.task.hooks.airflow.providers.standard.hooks.subprocess.SubprocessHook"}
{"timestamp":"2026-08-12T10:22:56.943181","level":"info","event":"\u001b[0m10:22:56  5 of 49 OK created sql view model staging.stg_orders ........................... [\u001b[32mSUCCESS 1\u001b[0m in 2.29s]","logger":"airflow.task.hooks.airflow.providers.standard.hooks.subprocess.SubprocessHook"}
{"timestamp":"2026-08-12T10:22:56.950085","level":"info","event":"\u001b[0m10:22:56  21 of 49 START test not_null_stg_order_items_line_amount ....................... [RUN]","logger":"airflow.task.hooks.airflow.providers.standard.hooks.subprocess.SubprocessHook"}
{"timestamp":"2026-08-12T10:22:56.955668","level":"info","event":"\u001b[0m10:22:56  22 of 49 START test not_null_stg_order_items_order_id .......................... [RUN]","logger":"airflow.task.hooks.airflow.providers.standard.hooks.subprocess.SubprocessHook"}
{"timestamp":"2026-08-12T10:22:57.029002","level":"info","event":"\u001b[0m10:22:57  6 of 49 OK created sql view model staging.stg_restaurants ...................... [\u001b[32mSUCCESS 1\u001b[0m in 2.24s]","logger":"airflow.task.hooks.airflow.providers.standard.hooks.subprocess.SubprocessHook"}
{"timestamp":"2026-08-12T10:22:57.045982","level":"info","event":"\u001b[0m10:22:57  23 of 49 START test not_null_stg_order_items_order_item_id ..................... [RUN]","logger":"airflow.task.hooks.airflow.providers.standard.hooks.subprocess.SubprocessHook"}
{"timestamp":"2026-08-12T10:22:57.953868","level":"info","event":"\u001b[0m10:22:57  11 of 49 OK loaded seed file raw.raw_products .................................. [\u001b[32mINSERT 10\u001b[0m in 3.30s]","logger":"airflow.task.hooks.airflow.providers.standard.hooks.subprocess.SubprocessHook"}
{"timestamp":"2026-08-12T10:22:57.957345","level":"info","event":"\u001b[0m10:22:57  24 of 49 START test not_null_stg_order_items_restaurant_id ..................... [RUN]","logger":"airflow.task.hooks.airflow.providers.standard.hooks.subprocess.SubprocessHook"}
{"timestamp":"2026-08-12T10:22:58.038169","level":"info","event":"\u001b[0m10:22:58  14 of 49 PASS not_null_stg_food_f_id ........................................... [\u001b[32mPASS\u001b[0m in 1.43s]","logger":"airflow.task.hooks.airflow.providers.standard.hooks.subprocess.SubprocessHook"}
{"timestamp":"2026-08-12T10:22:58.064476","level":"info","event":"\u001b[0m10:22:58  22 of 49 PASS not_null_stg_order_items_order_id ................................ [\u001b[32mPASS\u001b[0m in 1.11s]","logger":"airflow.task.hooks.airflow.providers.standard.hooks.subprocess.SubprocessHook"}
{"timestamp":"2026-08-12T10:22:58.065597","level":"info","event":"\u001b[0m10:22:58  16 of 49 PASS not_null_stg_menu_f_id ........................................... [\u001b[32mPASS\u001b[0m in 1.30s]","logger":"airflow.task.hooks.airflow.providers.standard.hooks.subprocess.SubprocessHook"}
{"timestamp":"2026-08-12T10:22:58.066905","level":"info","event":"\u001b[0m10:22:58  19 of 49 PASS not_null_stg_users_user_id ....................................... [\u001b[32mPASS\u001b[0m in 1.24s]","logger":"airflow.task.hooks.airflow.providers.standard.hooks.subprocess.SubprocessHook"}
{"timestamp":"2026-08-12T10:22:58.074756","level":"info","event":"\u001b[0m10:22:58  15 of 49 PASS unique_stg_food_f_id ............................................. [\u001b[32mPASS\u001b[0m in 1.47s]","logger":"airflow.task.hooks.airflow.providers.standard.hooks.subprocess.SubprocessHook"}
{"timestamp":"2026-08-12T10:22:58.076292","level":"info","event":"\u001b[0m10:22:58  25 of 49 START test unique_stg_order_items_order_item_id ....................... [RUN]","logger":"airflow.task.hooks.airflow.providers.standard.hooks.subprocess.SubprocessHook"}
{"timestamp":"2026-08-12T10:22:58.077250","level":"info","event":"\u001b[0m10:22:58  26 of 49 START test not_null_stg_orders_customer_id ............................ [RUN]","logger":"airflow.task.hooks.airflow.providers.standard.hooks.subprocess.SubprocessHook"}
{"timestamp":"2026-08-12T10:22:58.080410","level":"info","event":"\u001b[0m10:22:58  27 of 49 START test not_null_stg_orders_order_id ............................... [RUN]","logger":"airflow.task.hooks.airflow.providers.standard.hooks.subprocess.SubprocessHook"}
{"timestamp":"2026-08-12T10:22:58.083520","level":"info","event":"\u001b[0m10:22:58  28 of 49 START test not_null_stg_orders_restaurant_id .......................... [RUN]","logger":"airflow.task.hooks.airflow.providers.standard.hooks.subprocess.SubprocessHook"}
{"timestamp":"2026-08-12T10:22:58.087318","level":"info","event":"\u001b[0m10:22:58  29 of 49 START test unique_stg_orders_order_id ................................. [RUN]","logger":"airflow.task.hooks.airflow.providers.standard.hooks.subprocess.SubprocessHook"}
{"timestamp":"2026-08-12T10:22:58.116643","level":"info","event":"\u001b[0m10:22:58  13 of 49 OK loaded seed file raw.raw_supplies .................................. [\u001b[32mINSERT 65\u001b[0m in 3.42s]","logger":"airflow.task.hooks.airflow.providers.standard.hooks.subprocess.SubprocessHook"}
{"timestamp":"2026-08-12T10:22:58.146891","level":"info","event":"\u001b[0m10:22:58  30 of 49 START test not_null_stg_restaurants_restaurant_id ..................... [RUN]","logger":"airflow.task.hooks.airflow.providers.standard.hooks.subprocess.SubprocessHook"}
{"timestamp":"2026-08-12T10:22:58.245286","level":"info","event":"\u001b[0m10:22:58  21 of 49 PASS not_null_stg_order_items_line_amount ............................. [\u001b[32mPASS\u001b[0m in 1.29s]","logger":"airflow.task.hooks.airflow.providers.standard.hooks.subprocess.SubprocessHook"}
{"timestamp":"2026-08-12T10:22:58.252568","level":"info","event":"\u001b[0m10:22:58  17 of 49 PASS not_null_stg_menu_menu_id ........................................ [\u001b[32mPASS\u001b[0m in 1.48s]","logger":"airflow.task.hooks.airflow.providers.standard.hooks.subprocess.SubprocessHook"}
{"timestamp":"2026-08-12T10:22:58.269552","level":"info","event":"\u001b[0m10:22:58  23 of 49 PASS not_null_stg_order_items_order_item_id ........................... [\u001b[32mPASS\u001b[0m in 1.22s]","logger":"airflow.task.hooks.airflow.providers.standard.hooks.subprocess.SubprocessHook"}
{"timestamp":"2026-08-12T10:22:58.305833","level":"info","event":"\u001b[0m10:22:58  31 of 49 START test unique_stg_restaurants_restaurant_id ....................... [RUN]","logger":"airflow.task.hooks.airflow.providers.standard.hooks.subprocess.SubprocessHook"}
{"timestamp":"2026-08-12T10:22:58.326680","level":"info","event":"\u001b[0m10:22:58  32 of 49 START sql table model marts.dim_food .................................. [RUN]","logger":"airflow.task.hooks.airflow.providers.standard.hooks.subprocess.SubprocessHook"}
{"timestamp":"2026-08-12T10:22:58.350768","level":"info","event":"\u001b[0m10:22:58  18 of 49 PASS not_null_stg_menu_restaurant_id .................................. [\u001b[32mPASS\u001b[0m in 1.58s]","logger":"airflow.task.hooks.airflow.providers.standard.hooks.subprocess.SubprocessHook"}
{"timestamp":"2026-08-12T10:22:58.422221","level":"info","event":"\u001b[0m10:22:58  20 of 49 PASS unique_stg_users_user_id ......................................... [\u001b[32mPASS\u001b[0m in 1.54s]","logger":"airflow.task.hooks.airflow.providers.standard.hooks.subprocess.SubprocessHook"}
{"timestamp":"2026-08-12T10:22:58.435616","level":"info","event":"\u001b[0m10:22:58  12 of 49 OK loaded seed file raw.raw_stores .................................... [\u001b[32mINSERT 6\u001b[0m in 3.55s]","logger":"airflow.task.hooks.airflow.providers.standard.hooks.subprocess.SubprocessHook"}
{"timestamp":"2026-08-12T10:22:58.561472","level":"info","event":"\u001b[0m10:22:58  9 of 49 OK loaded seed file raw.raw_items ...................................... [\u001b[32mINSERT 997\u001b[0m in 3.88s]","logger":"airflow.task.hooks.airflow.providers.standard.hooks.subprocess.SubprocessHook"}
{"timestamp":"2026-08-12T10:22:58.571819","level":"info","event":"\u001b[0m10:22:58  33 of 49 START sql table model marts.dim_customer .............................. [RUN]","logger":"airflow.task.hooks.airflow.providers.standard.hooks.subprocess.SubprocessHook"}
{"timestamp":"2026-08-12T10:22:58.680613","level":"info","event":"\u001b[0m10:22:58  8 of 49 OK loaded seed file raw.raw_customers .................................. [\u001b[32mINSERT 128\u001b[0m in 3.98s]","logger":"airflow.task.hooks.airflow.providers.standard.hooks.subprocess.SubprocessHook"}
{"timestamp":"2026-08-12T10:22:59.025838","level":"info","event":"\u001b[0m10:22:59  10 of 49 OK loaded seed file raw.raw_orders .................................... [\u001b[32mINSERT 686\u001b[0m in 4.22s]","logger":"airflow.task.hooks.airflow.providers.standard.hooks.subprocess.SubprocessHook"}
{"timestamp":"2026-08-12T10:22:59.263437","level":"info","event":"\u001b[0m10:22:59  24 of 49 PASS not_null_stg_order_items_restaurant_id ........................... [\u001b[32mPASS\u001b[0m in 1.30s]","logger":"airflow.task.hooks.airflow.providers.standard.hooks.subprocess.SubprocessHook"}
{"timestamp":"2026-08-12T10:22:59.266217","level":"info","event":"\u001b[0m10:22:59  26 of 49 PASS not_null_stg_orders_customer_id .................................. [\u001b[32mPASS\u001b[0m in 1.18s]","logger":"airflow.task.hooks.airflow.providers.standard.hooks.subprocess.SubprocessHook"}
{"timestamp":"2026-08-12T10:22:59.585196","level":"info","event":"\u001b[0m10:22:59  28 of 49 PASS not_null_stg_orders_restaurant_id ................................ [\u001b[32mPASS\u001b[0m in 1.50s]","logger":"airflow.task.hooks.airflow.providers.standard.hooks.subprocess.SubprocessHook"}
{"timestamp":"2026-08-12T10:22:59.588516","level":"info","event":"\u001b[0m10:22:59  27 of 49 PASS not_null_stg_orders_order_id ..................................... [\u001b[32mPASS\u001b[0m in 1.50s]","logger":"airflow.task.hooks.airflow.providers.standard.hooks.subprocess.SubprocessHook"}
{"timestamp":"2026-08-12T10:22:59.785983","level":"info","event":"\u001b[0m10:22:59  30 of 49 PASS not_null_stg_restaurants_restaurant_id ........................... [\u001b[32mPASS\u001b[0m in 1.63s]","logger":"airflow.task.hooks.airflow.providers.standard.hooks.subprocess.SubprocessHook"}
{"timestamp":"2026-08-12T10:23:00.157221","level":"info","event":"\u001b[0m10:23:00  29 of 49 PASS unique_stg_orders_order_id ....................................... [\u001b[32mPASS\u001b[0m in 2.04s]","logger":"airflow.task.hooks.airflow.providers.standard.hooks.subprocess.SubprocessHook"}
{"timestamp":"2026-08-12T10:23:00.158076","level":"info","event":"\u001b[0m10:23:00  31 of 49 PASS unique_stg_restaurants_restaurant_id ............................. [\u001b[32mPASS\u001b[0m in 1.83s]","logger":"airflow.task.hooks.airflow.providers.standard.hooks.subprocess.SubprocessHook"}
{"timestamp":"2026-08-12T10:23:00.165387","level":"info","event":"\u001b[0m10:23:00  25 of 49 PASS unique_stg_order_items_order_item_id ............................. [\u001b[32mPASS\u001b[0m in 2.08s]","logger":"airflow.task.hooks.airflow.providers.standard.hooks.subprocess.SubprocessHook"}
{"timestamp":"2026-08-12T10:23:00.171606","level":"info","event":"\u001b[0m10:23:00  34 of 49 START sql table model marts.dim_restaurants ........................... [RUN]","logger":"airflow.task.hooks.airflow.providers.standard.hooks.subprocess.SubprocessHook"}
{"timestamp":"2026-08-12T10:23:00.172293","level":"info","event":"\u001b[0m10:23:00  35 of 49 START sql incremental model marts.fact_orders ......................... [RUN]","logger":"airflow.task.hooks.airflow.providers.standard.hooks.subprocess.SubprocessHook"}
{"timestamp":"2026-08-12T10:23:00.173294","level":"info","event":"\u001b[0m10:23:00  36 of 49 START sql view model staging.stg_reviews .............................. [RUN]","logger":"airflow.task.hooks.airflow.providers.standard.hooks.subprocess.SubprocessHook"}
{"timestamp":"2026-08-12T10:23:00.175793","level":"info","event":"\u001b[0m10:23:00  37 of 49 START sql incremental model marts.fact_order_items .................... [RUN]","logger":"airflow.task.hooks.airflow.providers.standard.hooks.subprocess.SubprocessHook"}
{"timestamp":"2026-08-12T10:23:01.103285","level":"info","event":"\u001b[0m10:23:01  33 of 49 OK created sql table model marts.dim_customer ......................... [\u001b[32mSUCCESS 1\u001b[0m in 2.52s]","logger":"airflow.task.hooks.airflow.providers.standard.hooks.subprocess.SubprocessHook"}
{"timestamp":"2026-08-12T10:23:01.124472","level":"info","event":"\u001b[0m10:23:01  32 of 49 OK created sql table model marts.dim_food ............................. [\u001b[32mSUCCESS 1\u001b[0m in 2.78s]","logger":"airflow.task.hooks.airflow.providers.standard.hooks.subprocess.SubprocessHook"}
{"timestamp":"2026-08-12T10:23:02.632353","level":"info","event":"\u001b[0m10:23:02  36 of 49 OK created sql view model staging.stg_reviews ......................... [\u001b[32mSUCCESS 1\u001b[0m in 2.45s]","logger":"airflow.task.hooks.airflow.providers.standard.hooks.subprocess.SubprocessHook"}
{"timestamp":"2026-08-12T10:23:02.640996","level":"info","event":"\u001b[0m10:23:02  38 of 49 START test not_null_stg_reviews_customer_id ........................... [RUN]","logger":"airflow.task.hooks.airflow.providers.standard.hooks.subprocess.SubprocessHook"}
{"timestamp":"2026-08-12T10:23:02.645237","level":"info","event":"\u001b[0m10:23:02  39 of 49 START test not_null_stg_reviews_order_id .............................. [RUN]","logger":"airflow.task.hooks.airflow.providers.standard.hooks.subprocess.SubprocessHook"}
{"timestamp":"2026-08-12T10:23:02.649505","level":"info","event":"\u001b[0m10:23:02  41 of 49 START test not_null_stg_reviews_review_id ............................. [RUN]","logger":"airflow.task.hooks.airflow.providers.standard.hooks.subprocess.SubprocessHook"}
{"timestamp":"2026-08-12T10:23:02.654638","level":"info","event":"\u001b[0m10:23:02  42 of 49 START test unique_stg_reviews_review_id ............................... [RUN]","logger":"airflow.task.hooks.airflow.providers.standard.hooks.subprocess.SubprocessHook"}
{"timestamp":"2026-08-12T10:23:02.669265","level":"info","event":"\u001b[0m10:23:02  40 of 49 START test not_null_stg_reviews_restaurant_id ......................... [RUN]","logger":"airflow.task.hooks.airflow.providers.standard.hooks.subprocess.SubprocessHook"}
{"timestamp":"2026-08-12T10:23:03.110950","level":"info","event":"\u001b[0m10:23:03  34 of 49 OK created sql table model marts.dim_restaurants ...................... [\u001b[32mSUCCESS 1\u001b[0m in 2.94s]","logger":"airflow.task.hooks.airflow.providers.standard.hooks.subprocess.SubprocessHook"}
{"timestamp":"2026-08-12T10:23:04.128823","level":"info","event":"\u001b[0m10:23:04  38 of 49 PASS not_null_stg_reviews_customer_id ................................. [\u001b[32mPASS\u001b[0m in 1.48s]","logger":"airflow.task.hooks.airflow.providers.standard.hooks.subprocess.SubprocessHook"}
{"timestamp":"2026-08-12T10:23:04.217700","level":"info","event":"\u001b[0m10:23:04  40 of 49 PASS not_null_stg_reviews_restaurant_id ............................... [\u001b[32mPASS\u001b[0m in 1.53s]","logger":"airflow.task.hooks.airflow.providers.standard.hooks.subprocess.SubprocessHook"}
{"timestamp":"2026-08-12T10:23:04.245683","level":"info","event":"\u001b[0m10:23:04  42 of 49 PASS unique_stg_reviews_review_id ..................................... [\u001b[32mPASS\u001b[0m in 1.58s]","logger":"airflow.task.hooks.airflow.providers.standard.hooks.subprocess.SubprocessHook"}
{"timestamp":"2026-08-12T10:23:04.271651","level":"info","event":"\u001b[0m10:23:04  41 of 49 PASS not_null_stg_reviews_review_id ................................... [\u001b[32mPASS\u001b[0m in 1.62s]","logger":"airflow.task.hooks.airflow.providers.standard.hooks.subprocess.SubprocessHook"}
{"timestamp":"2026-08-12T10:23:04.286662","level":"info","event":"\u001b[0m10:23:04  39 of 49 PASS not_null_stg_reviews_order_id .................................... [\u001b[32mPASS\u001b[0m in 1.64s]","logger":"airflow.task.hooks.airflow.providers.standard.hooks.subprocess.SubprocessHook"}
{"timestamp":"2026-08-12T10:23:04.936168","level":"info","event":"\u001b[0m10:23:04  35 of 49 OK created sql incremental model marts.fact_orders .................... [\u001b[32mSUCCESS 0\u001b[0m in 4.76s]","logger":"airflow.task.hooks.airflow.providers.standard.hooks.subprocess.SubprocessHook"}
{"timestamp":"2026-08-12T10:23:04.947478","level":"info","event":"\u001b[0m10:23:04  43 of 49 START test accepted_values_fact_orders_order_status__Delivered__Cancelled__Refunded  [RUN]","logger":"airflow.task.hooks.airflow.providers.standard.hooks.subprocess.SubprocessHook"}
{"timestamp":"2026-08-12T10:23:04.950056","level":"info","event":"\u001b[0m10:23:04  44 of 49 START test not_null_fact_orders_order_id .............................. [RUN]","logger":"airflow.task.hooks.airflow.providers.standard.hooks.subprocess.SubprocessHook"}
{"timestamp":"2026-08-12T10:23:04.951970","level":"info","event":"\u001b[0m10:23:04  45 of 49 START test relationships_fact_orders_customer_id__customer_id___ref_dim_customer_  [RUN]","logger":"airflow.task.hooks.airflow.providers.standard.hooks.subprocess.SubprocessHook"}
{"timestamp":"2026-08-12T10:23:04.953421","level":"info","event":"\u001b[0m10:23:04  46 of 49 START test unique_fact_orders_order_id ................................ [RUN]","logger":"airflow.task.hooks.airflow.providers.standard.hooks.subprocess.SubprocessHook"}
{"timestamp":"2026-08-12T10:23:05.231771","level":"info","event":"\u001b[0m10:23:05  37 of 49 OK created sql incremental model marts.fact_order_items ............... [\u001b[32mSUCCESS 0\u001b[0m in 5.05s]","logger":"airflow.task.hooks.airflow.providers.standard.hooks.subprocess.SubprocessHook"}
{"timestamp":"2026-08-12T10:23:06.416132","level":"info","event":"\u001b[0m10:23:06  44 of 49 PASS not_null_fact_orders_order_id .................................... [\u001b[32mPASS\u001b[0m in 1.46s]","logger":"airflow.task.hooks.airflow.providers.standard.hooks.subprocess.SubprocessHook"}
{"timestamp":"2026-08-12T10:23:06.587605","level":"info","event":"\u001b[0m10:23:06  46 of 49 PASS unique_fact_orders_order_id ...................................... [\u001b[32mPASS\u001b[0m in 1.63s]","logger":"airflow.task.hooks.airflow.providers.standard.hooks.subprocess.SubprocessHook"}
{"timestamp":"2026-08-12T10:23:06.588430","level":"info","event":"\u001b[0m10:23:06  45 of 49 PASS relationships_fact_orders_customer_id__customer_id___ref_dim_customer_  [\u001b[32mPASS\u001b[0m in 1.63s]","logger":"airflow.task.hooks.airflow.providers.standard.hooks.subprocess.SubprocessHook"}
{"timestamp":"2026-08-12T10:23:06.874297","level":"info","event":"\u001b[0m10:23:06  43 of 49 PASS accepted_values_fact_orders_order_status__Delivered__Cancelled__Refunded  [\u001b[32mPASS\u001b[0m in 1.92s]","logger":"airflow.task.hooks.airflow.providers.standard.hooks.subprocess.SubprocessHook"}
{"timestamp":"2026-08-12T10:23:06.877824","level":"info","event":"\u001b[0m10:23:06  47 of 49 START sql table model marts.mart_daily_city_revenue ................... [RUN]","logger":"airflow.task.hooks.airflow.providers.standard.hooks.subprocess.SubprocessHook"}
{"timestamp":"2026-08-12T10:23:06.881182","level":"info","event":"\u001b[0m10:23:06  48 of 49 START sql table model marts.mart_delivery_sla ......................... [RUN]","logger":"airflow.task.hooks.airflow.providers.standard.hooks.subprocess.SubprocessHook"}
{"timestamp":"2026-08-12T10:23:06.881888","level":"info","event":"\u001b[0m10:23:06  49 of 49 START sql table model marts.mart_restaurant_performance ............... [RUN]","logger":"airflow.task.hooks.airflow.providers.standard.hooks.subprocess.SubprocessHook"}
{"timestamp":"2026-08-12T10:23:10.078280","level":"info","event":"\u001b[0m10:23:10  49 of 49 OK created sql table model marts.mart_restaurant_performance .......... [\u001b[32mSUCCESS 1\u001b[0m in 3.18s]","logger":"airflow.task.hooks.airflow.providers.standard.hooks.subprocess.SubprocessHook"}
{"timestamp":"2026-08-12T10:23:10.080753","level":"info","event":"\u001b[0m10:23:10  47 of 49 OK created sql table model marts.mart_daily_city_revenue .............. [\u001b[32mSUCCESS 1\u001b[0m in 3.19s]","logger":"airflow.task.hooks.airflow.providers.standard.hooks.subprocess.SubprocessHook"}
{"timestamp":"2026-08-12T10:23:10.174413","level":"info","event":"\u001b[0m10:23:10  48 of 49 OK created sql table model marts.mart_delivery_sla .................... [\u001b[32mSUCCESS 1\u001b[0m in 3.29s]","logger":"airflow.task.hooks.airflow.providers.standard.hooks.subprocess.SubprocessHook"}
{"timestamp":"2026-08-12T10:23:10.194287","level":"info","event":"\u001b[0m10:23:10","logger":"airflow.task.hooks.airflow.providers.standard.hooks.subprocess.SubprocessHook"}
{"timestamp":"2026-08-12T10:23:10.194591","level":"info","event":"\u001b[0m10:23:10  Finished running 2 incremental models, 6 seeds, 7 table models, 27 data tests, 7 view models in 0 hours 0 minutes and 21.50 seconds (21.50s).","logger":"airflow.task.hooks.airflow.providers.standard.hooks.subprocess.SubprocessHook"}
{"timestamp":"2026-08-12T10:23:10.277734","level":"info","event":"\u001b[0m10:23:10","logger":"airflow.task.hooks.airflow.providers.standard.hooks.subprocess.SubprocessHook"}
{"timestamp":"2026-08-12T10:23:10.278009","level":"info","event":"\u001b[0m10:23:10  \u001b[32mCompleted successfully\u001b[0m","logger":"airflow.task.hooks.airflow.providers.standard.hooks.subprocess.SubprocessHook"}
{"timestamp":"2026-08-12T10:23:10.278340","level":"info","event":"\u001b[0m10:23:10","logger":"airflow.task.hooks.airflow.providers.standard.hooks.subprocess.SubprocessHook"}
{"timestamp":"2026-08-12T10:23:10.279078","level":"info","event":"\u001b[0m10:23:10  Done. PASS=49 WARN=0 ERROR=0 SKIP=0 NO-OP=0 REUSED=0 TOTAL=49","logger":"airflow.task.hooks.airflow.providers.standard.hooks.subprocess.SubprocessHook"}
{"timestamp":"2026-08-12T10:23:13.210222","level":"info","event":"Command exited with return code 0","logger":"airflow.task.hooks.airflow.providers.standard.hooks.subprocess.SubprocessHook"}
{"timestamp":"2026-08-12T10:23:13.220357","level":"info","event":"Pushing xcom","ti":"RuntimeTaskInstance(id=UUID('019ff57e-b083-7417-8b7b-965e0a636035'), task_id='dbt_build_core', dag_id='zomato_batch', run_id='manual__2026-08-12T10:22:28.445416+00:00', try_number=1, map_index=-1, hostname='de9819ac7e8e', context_carrier=None, task=<Task(BashOperator): dbt_build_core>, bundle_instance=LocalDagBundle(name=dags-folder), max_tries=0, start_date=datetime.datetime(2026, 8, 12, 10, 22, 45, 424905, tzinfo=datetime.timezone.utc), end_date=None, state=<TaskInstanceState.RUNNING: 'running'>, is_mapped=False, rendered_map_index=None, log_url='http://localhost:8080/dags/zomato_batch/runs/manual__2026-08-12T10%3A22%3A28.445416%2B00%3A00/tasks/dbt_build_core?try_number=1')","logger":"task"}
