{"timestamp":"2026-08-12T10:28:40.386157","level":"info","event":"DAG bundles loaded: dags-folder","logger":"airflow.dag_processing.bundles.manager.DagBundlesManager"}
{"timestamp":"2026-08-12T10:28:40.386991","level":"info","event":"Filling up the DagBag from /opt/airflow/dags/zomato_batch.py","logger":"airflow.models.dagbag.DagBag"}
{"timestamp":"2026-08-12T10:28:41.854847","level":"info","event":"Tmp dir root location: /tmp","logger":"airflow.task.hooks.airflow.providers.standard.hooks.subprocess.SubprocessHook"}
{"timestamp":"2026-08-12T10:28:41.859692","level":"info","event":"Running command: ['/usr/bin/bash', '-c', '/opt/airflow/dbt_venv/bin/dbt build --exclude tag:ai --project-dir /opt/airflow/dbt/zomato --profiles-dir /opt/airflow/dbt/zomato']","logger":"airflow.task.hooks.airflow.providers.standard.hooks.subprocess.SubprocessHook"}
{"timestamp":"2026-08-12T10:28:41.876246","level":"info","event":"Output:","logger":"airflow.task.hooks.airflow.providers.standard.hooks.subprocess.SubprocessHook"}
{"timestamp":"2026-08-12T10:28:44.358063","level":"info","event":"\u001b[0m10:28:44  Running with dbt=1.12.0","logger":"airflow.task.hooks.airflow.providers.standard.hooks.subprocess.SubprocessHook"}
{"timestamp":"2026-08-12T10:28:44.867669","level":"info","event":"\u001b[0m10:28:44  Registered adapter: snowflake=1.8.4","logger":"airflow.task.hooks.airflow.providers.standard.hooks.subprocess.SubprocessHook"}
{"timestamp":"2026-08-12T10:28:45.453246","level":"info","event":"\u001b[0m10:28:45  [\u001b[33mWARNING\u001b[0m]: Configuration paths exist in your dbt_project.yml file which do not apply to any resources.","logger":"airflow.task.hooks.airflow.providers.standard.hooks.subprocess.SubprocessHook"}
{"timestamp":"2026-08-12T10:28:45.454442","level":"info","event":"There are 1 unused configuration paths:","logger":"airflow.task.hooks.airflow.providers.standard.hooks.subprocess.SubprocessHook"}
{"timestamp":"2026-08-12T10:28:45.454605","level":"info","event":"- models.snapshot.zomato","logger":"airflow.task.hooks.airflow.providers.standard.hooks.subprocess.SubprocessHook"}
{"timestamp":"2026-08-12T10:28:45.633125","level":"info","event":"\u001b[0m10:28:45  Found 17 models, 6 seeds, 27 data tests, 8 sources, 622 macros","logger":"airflow.task.hooks.airflow.providers.standard.hooks.subprocess.SubprocessHook"}
{"timestamp":"2026-08-12T10:28:45.639014","level":"info","event":"\u001b[0m10:28:45","logger":"airflow.task.hooks.airflow.providers.standard.hooks.subprocess.SubprocessHook"}
{"timestamp":"2026-08-12T10:28:45.639623","level":"info","event":"\u001b[0m10:28:45  Concurrency: 16 threads (target='dev')","logger":"airflow.task.hooks.airflow.providers.standard.hooks.subprocess.SubprocessHook"}
{"timestamp":"2026-08-12T10:28:45.639982","level":"info","event":"\u001b[0m10:28:45","logger":"airflow.task.hooks.airflow.providers.standard.hooks.subprocess.SubprocessHook"}
{"timestamp":"2026-08-12T10:29:09.184307","level":"info","event":"\u001b[0m10:29:09  1 of 49 START sql table model marts.dim_date ................................... [RUN]","logger":"airflow.task.hooks.airflow.providers.standard.hooks.subprocess.SubprocessHook"}
{"timestamp":"2026-08-12T10:29:09.186171","level":"info","event":"\u001b[0m10:29:09  2 of 49 START sql view model staging.stg_food .................................. [RUN]","logger":"airflow.task.hooks.airflow.providers.standard.hooks.subprocess.SubprocessHook"}
{"timestamp":"2026-08-12T10:29:09.187531","level":"info","event":"\u001b[0m10:29:09  3 of 49 START sql view model staging.stg_menu .................................. [RUN]","logger":"airflow.task.hooks.airflow.providers.standard.hooks.subprocess.SubprocessHook"}
{"timestamp":"2026-08-12T10:29:09.188966","level":"info","event":"\u001b[0m10:29:09  4 of 49 START sql view model staging.stg_order_items ........................... [RUN]","logger":"airflow.task.hooks.airflow.providers.standard.hooks.subprocess.SubprocessHook"}
{"timestamp":"2026-08-12T10:29:09.191496","level":"info","event":"\u001b[0m10:29:09  5 of 49 START sql view model staging.stg_orders ................................ [RUN]","logger":"airflow.task.hooks.airflow.providers.standard.hooks.subprocess.SubprocessHook"}
{"timestamp":"2026-08-12T10:29:09.192395","level":"info","event":"\u001b[0m10:29:09  6 of 49 START sql view model staging.stg_restaurants ........................... [RUN]","logger":"airflow.task.hooks.airflow.providers.standard.hooks.subprocess.SubprocessHook"}
{"timestamp":"2026-08-12T10:29:09.192928","level":"info","event":"\u001b[0m10:29:09  7 of 49 START sql view model staging.stg_users ................................. [RUN]","logger":"airflow.task.hooks.airflow.providers.standard.hooks.subprocess.SubprocessHook"}
{"timestamp":"2026-08-12T10:29:09.193771","level":"info","event":"\u001b[0m10:29:09  8 of 49 START seed file raw.raw_customers ...................................... [RUN]","logger":"airflow.task.hooks.airflow.providers.standard.hooks.subprocess.SubprocessHook"}
{"timestamp":"2026-08-12T10:29:09.194223","level":"info","event":"\u001b[0m10:29:09  9 of 49 START seed file raw.raw_items .......................................... [RUN]","logger":"airflow.task.hooks.airflow.providers.standard.hooks.subprocess.SubprocessHook"}
{"timestamp":"2026-08-12T10:29:09.195244","level":"info","event":"\u001b[0m10:29:09  10 of 49 START seed file raw.raw_orders ........................................ [RUN]","logger":"airflow.task.hooks.airflow.providers.standard.hooks.subprocess.SubprocessHook"}
{"timestamp":"2026-08-12T10:29:09.195778","level":"info","event":"\u001b[0m10:29:09  11 of 49 START seed file raw.raw_products ...................................... [RUN]","logger":"airflow.task.hooks.airflow.providers.standard.hooks.subprocess.SubprocessHook"}
{"timestamp":"2026-08-12T10:29:09.196702","level":"info","event":"\u001b[0m10:29:09  12 of 49 START seed file raw.raw_stores ........................................ [RUN]","logger":"airflow.task.hooks.airflow.providers.standard.hooks.subprocess.SubprocessHook"}
{"timestamp":"2026-08-12T10:29:09.197179","level":"info","event":"\u001b[0m10:29:09  13 of 49 START seed file raw.raw_supplies ...................................... [RUN]","logger":"airflow.task.hooks.airflow.providers.standard.hooks.subprocess.SubprocessHook"}
{"timestamp":"2026-08-12T10:29:12.099141","level":"info","event":"WARNING:urllib3.connectionpool:Connection pool is full, discarding connection: 169.254.169.254. Connection pool size: 10","logger":"airflow.task.hooks.airflow.providers.standard.hooks.subprocess.SubprocessHook"}
{"timestamp":"2026-08-12T10:29:12.104221","level":"info","event":"WARNING:urllib3.connectionpool:Connection pool is full, discarding connection: 169.254.169.254. Connection pool size: 10","logger":"airflow.task.hooks.airflow.providers.standard.hooks.subprocess.SubprocessHook"}
{"timestamp":"2026-08-12T10:29:12.104982","level":"info","event":"WARNING:urllib3.connectionpool:Connection pool is full, discarding connection: 169.254.169.254. Connection pool size: 10","logger":"airflow.task.hooks.airflow.providers.standard.hooks.subprocess.SubprocessHook"}
{"timestamp":"2026-08-12T10:29:15.478774","level":"info","event":"\u001b[0m10:29:15  5 of 49 OK created sql view model staging.stg_orders ........................... [\u001b[32mSUCCESS 1\u001b[0m in 6.27s]","logger":"airflow.task.hooks.airflow.providers.standard.hooks.subprocess.SubprocessHook"}
{"timestamp":"2026-08-12T10:29:15.480369","level":"info","event":"\u001b[0m10:29:15  2 of 49 OK created sql view model staging.stg_food ............................. [\u001b[32mSUCCESS 1\u001b[0m in 6.28s]","logger":"airflow.task.hooks.airflow.providers.standard.hooks.subprocess.SubprocessHook"}
{"timestamp":"2026-08-12T10:29:15.480444","level":"info","event":"\u001b[0m10:29:15  1 of 49 OK created sql table model marts.dim_date .............................. [\u001b[32mSUCCESS 1\u001b[0m in 6.28s]","logger":"airflow.task.hooks.airflow.providers.standard.hooks.subprocess.SubprocessHook"}
{"timestamp":"2026-08-12T10:29:15.501401","level":"info","event":"\u001b[0m10:29:15  14 of 49 START test not_null_stg_orders_customer_id ............................ [RUN]","logger":"airflow.task.hooks.airflow.providers.standard.hooks.subprocess.SubprocessHook"}
{"timestamp":"2026-08-12T10:29:15.502594","level":"info","event":"\u001b[0m10:29:15  15 of 49 START test not_null_stg_orders_order_id ............................... [RUN]","logger":"airflow.task.hooks.airflow.providers.standard.hooks.subprocess.SubprocessHook"}
{"timestamp":"2026-08-12T10:29:15.503549","level":"info","event":"\u001b[0m10:29:15  16 of 49 START test not_null_stg_orders_restaurant_id .......................... [RUN]","logger":"airflow.task.hooks.airflow.providers.standard.hooks.subprocess.SubprocessHook"}
{"timestamp":"2026-08-12T10:29:15.505496","level":"info","event":"\u001b[0m10:29:15  17 of 49 START test unique_stg_orders_order_id ................................. [RUN]","logger":"airflow.task.hooks.airflow.providers.standard.hooks.subprocess.SubprocessHook"}
{"timestamp":"2026-08-12T10:29:15.509430","level":"info","event":"\u001b[0m10:29:15  19 of 49 START test unique_stg_food_f_id ....................................... [RUN]","logger":"airflow.task.hooks.airflow.providers.standard.hooks.subprocess.SubprocessHook"}
{"timestamp":"2026-08-12T10:29:15.514724","level":"info","event":"\u001b[0m10:29:15  18 of 49 START test not_null_stg_food_f_id ..................................... [RUN]","logger":"airflow.task.hooks.airflow.providers.standard.hooks.subprocess.SubprocessHook"}
{"timestamp":"2026-08-12T10:29:15.650520","level":"info","event":"\u001b[0m10:29:15  3 of 49 OK created sql view model staging.stg_menu ............................. [\u001b[32mSUCCESS 1\u001b[0m in 6.45s]","logger":"airflow.task.hooks.airflow.providers.standard.hooks.subprocess.SubprocessHook"}
{"timestamp":"2026-08-12T10:29:15.664013","level":"info","event":"\u001b[0m10:29:15  20 of 49 START test not_null_stg_menu_f_id ..................................... [RUN]","logger":"airflow.task.hooks.airflow.providers.standard.hooks.subprocess.SubprocessHook"}
{"timestamp":"2026-08-12T10:29:15.889485","level":"info","event":"\u001b[0m10:29:15  6 of 49 OK created sql view model staging.stg_restaurants ...................... [\u001b[32mSUCCESS 1\u001b[0m in 6.65s]","logger":"airflow.task.hooks.airflow.providers.standard.hooks.subprocess.SubprocessHook"}
{"timestamp":"2026-08-12T10:29:15.992642","level":"info","event":"\u001b[0m10:29:15  21 of 49 START test not_null_stg_menu_menu_id .................................. [RUN]","logger":"airflow.task.hooks.airflow.providers.standard.hooks.subprocess.SubprocessHook"}
{"timestamp":"2026-08-12T10:29:16.081610","level":"info","event":"\u001b[0m10:29:16  4 of 49 OK created sql view model staging.stg_order_items ...................... [\u001b[32mSUCCESS 1\u001b[0m in 6.87s]","logger":"airflow.task.hooks.airflow.providers.standard.hooks.subprocess.SubprocessHook"}
{"timestamp":"2026-08-12T10:29:16.140952","level":"info","event":"\u001b[0m10:29:16  7 of 49 OK created sql view model staging.stg_users ............................ [\u001b[32mSUCCESS 1\u001b[0m in 6.90s]","logger":"airflow.task.hooks.airflow.providers.standard.hooks.subprocess.SubprocessHook"}
{"timestamp":"2026-08-12T10:29:16.176072","level":"info","event":"\u001b[0m10:29:16  22 of 49 START test not_null_stg_menu_restaurant_id ............................ [RUN]","logger":"airflow.task.hooks.airflow.providers.standard.hooks.subprocess.SubprocessHook"}
{"timestamp":"2026-08-12T10:29:16.231740","level":"info","event":"\u001b[0m10:29:16  23 of 49 START test not_null_stg_restaurants_restaurant_id ..................... [RUN]","logger":"airflow.task.hooks.airflow.providers.standard.hooks.subprocess.SubprocessHook"}
{"timestamp":"2026-08-12T10:29:17.850441","level":"info","event":"\u001b[0m10:29:17  14 of 49 PASS not_null_stg_orders_customer_id .................................. [\u001b[32mPASS\u001b[0m in 2.33s]","logger":"airflow.task.hooks.airflow.providers.standard.hooks.subprocess.SubprocessHook"}
{"timestamp":"2026-08-12T10:29:17.851867","level":"info","event":"\u001b[0m10:29:17  15 of 49 PASS not_null_stg_orders_order_id ..................................... [\u001b[32mPASS\u001b[0m in 2.34s]","logger":"airflow.task.hooks.airflow.providers.standard.hooks.subprocess.SubprocessHook"}
{"timestamp":"2026-08-12T10:29:17.855715","level":"info","event":"\u001b[0m10:29:17  16 of 49 PASS not_null_stg_orders_restaurant_id ................................ [\u001b[32mPASS\u001b[0m in 2.34s]","logger":"airflow.task.hooks.airflow.providers.standard.hooks.subprocess.SubprocessHook"}
{"timestamp":"2026-08-12T10:29:17.859545","level":"info","event":"\u001b[0m10:29:17  24 of 49 START test unique_stg_restaurants_restaurant_id ....................... [RUN]","logger":"airflow.task.hooks.airflow.providers.standard.hooks.subprocess.SubprocessHook"}
{"timestamp":"2026-08-12T10:29:17.860225","level":"info","event":"\u001b[0m10:29:17  25 of 49 START test not_null_stg_order_items_line_amount ....................... [RUN]","logger":"airflow.task.hooks.airflow.providers.standard.hooks.subprocess.SubprocessHook"}
{"timestamp":"2026-08-12T10:29:17.862342","level":"info","event":"\u001b[0m10:29:17  18 of 49 PASS not_null_stg_food_f_id ........................................... [\u001b[32mPASS\u001b[0m in 2.34s]","logger":"airflow.task.hooks.airflow.providers.standard.hooks.subprocess.SubprocessHook"}
{"timestamp":"2026-08-12T10:29:17.863785","level":"info","event":"\u001b[0m10:29:17  26 of 49 START test not_null_stg_order_items_order_id .......................... [RUN]","logger":"airflow.task.hooks.airflow.providers.standard.hooks.subprocess.SubprocessHook"}
{"timestamp":"2026-08-12T10:29:17.893707","level":"info","event":"\u001b[0m10:29:17  27 of 49 START test not_null_stg_order_items_order_item_id ..................... [RUN]","logger":"airflow.task.hooks.airflow.providers.standard.hooks.subprocess.SubprocessHook"}
{"timestamp":"2026-08-12T10:29:17.903799","level":"info","event":"\u001b[0m10:29:17  12 of 49 OK loaded seed file raw.raw_stores .................................... [\u001b[32mINSERT 6\u001b[0m in 8.68s]","logger":"airflow.task.hooks.airflow.providers.standard.hooks.subprocess.SubprocessHook"}
{"timestamp":"2026-08-12T10:29:17.904393","level":"info","event":"\u001b[0m10:29:17  8 of 49 OK loaded seed file raw.raw_customers .................................. [\u001b[32mINSERT 128\u001b[0m in 8.70s]","logger":"airflow.task.hooks.airflow.providers.standard.hooks.subprocess.SubprocessHook"}
{"timestamp":"2026-08-12T10:29:17.928429","level":"info","event":"\u001b[0m10:29:17  28 of 49 START test not_null_stg_order_items_restaurant_id ..................... [RUN]","logger":"airflow.task.hooks.airflow.providers.standard.hooks.subprocess.SubprocessHook"}
{"timestamp":"2026-08-12T10:29:17.929633","level":"info","event":"\u001b[0m10:29:17  29 of 49 START test unique_stg_order_items_order_item_id ....................... [RUN]","logger":"airflow.task.hooks.airflow.providers.standard.hooks.subprocess.SubprocessHook"}
{"timestamp":"2026-08-12T10:29:18.086163","level":"info","event":"\u001b[0m10:29:18  19 of 49 PASS unique_stg_food_f_id ............................................. [\u001b[32mPASS\u001b[0m in 2.57s]","logger":"airflow.task.hooks.airflow.providers.standard.hooks.subprocess.SubprocessHook"}
{"timestamp":"2026-08-12T10:29:18.165685","level":"info","event":"\u001b[0m10:29:18  20 of 49 PASS not_null_stg_menu_f_id ........................................... [\u001b[32mPASS\u001b[0m in 2.50s]","logger":"airflow.task.hooks.airflow.providers.standard.hooks.subprocess.SubprocessHook"}
{"timestamp":"2026-08-12T10:29:18.170014","level":"info","event":"\u001b[0m10:29:18  17 of 49 PASS unique_stg_orders_order_id ....................................... [\u001b[32mPASS\u001b[0m in 2.65s]","logger":"airflow.task.hooks.airflow.providers.standard.hooks.subprocess.SubprocessHook"}
{"timestamp":"2026-08-12T10:29:18.238599","level":"info","event":"\u001b[0m10:29:18  13 of 49 OK loaded seed file raw.raw_supplies .................................. [\u001b[32mINSERT 65\u001b[0m in 8.94s]","logger":"airflow.task.hooks.airflow.providers.standard.hooks.subprocess.SubprocessHook"}
{"timestamp":"2026-08-12T10:29:18.321689","level":"info","event":"\u001b[0m10:29:18  23 of 49 PASS not_null_stg_restaurants_restaurant_id ........................... [\u001b[32mPASS\u001b[0m in 2.09s]","logger":"airflow.task.hooks.airflow.providers.standard.hooks.subprocess.SubprocessHook"}
{"timestamp":"2026-08-12T10:29:18.333239","level":"info","event":"\u001b[0m10:29:18  30 of 49 START test not_null_stg_users_user_id ................................. [RUN]","logger":"airflow.task.hooks.airflow.providers.standard.hooks.subprocess.SubprocessHook"}
{"timestamp":"2026-08-12T10:29:18.343081","level":"info","event":"\u001b[0m10:29:18  31 of 49 START test unique_stg_users_user_id ................................... [RUN]","logger":"airflow.task.hooks.airflow.providers.standard.hooks.subprocess.SubprocessHook"}
{"timestamp":"2026-08-12T10:29:18.386051","level":"info","event":"\u001b[0m10:29:18  32 of 49 START sql table model marts.dim_food .................................. [RUN]","logger":"airflow.task.hooks.airflow.providers.standard.hooks.subprocess.SubprocessHook"}
{"timestamp":"2026-08-12T10:29:18.394643","level":"info","event":"\u001b[0m10:29:18  33 of 49 START sql incremental model marts.fact_orders ......................... [RUN]","logger":"airflow.task.hooks.airflow.providers.standard.hooks.subprocess.SubprocessHook"}
{"timestamp":"2026-08-12T10:29:19.070903","level":"info","event":"\u001b[0m10:29:19  22 of 49 PASS not_null_stg_menu_restaurant_id .................................. [\u001b[32mPASS\u001b[0m in 2.87s]","logger":"airflow.task.hooks.airflow.providers.standard.hooks.subprocess.SubprocessHook"}
{"timestamp":"2026-08-12T10:29:19.081824","level":"info","event":"\u001b[0m10:29:19  11 of 49 OK loaded seed file raw.raw_products .................................. [\u001b[32mINSERT 10\u001b[0m in 9.88s]","logger":"airflow.task.hooks.airflow.providers.standard.hooks.subprocess.SubprocessHook"}
{"timestamp":"2026-08-12T10:29:19.250421","level":"info","event":"\u001b[0m10:29:19  21 of 49 PASS not_null_stg_menu_menu_id ........................................ [\u001b[32mPASS\u001b[0m in 3.24s]","logger":"airflow.task.hooks.airflow.providers.standard.hooks.subprocess.SubprocessHook"}
{"timestamp":"2026-08-12T10:29:19.506275","level":"info","event":"\u001b[0m10:29:19  10 of 49 OK loaded seed file raw.raw_orders .................................... [\u001b[32mINSERT 686\u001b[0m in 10.30s]","logger":"airflow.task.hooks.airflow.providers.standard.hooks.subprocess.SubprocessHook"}
{"timestamp":"2026-08-12T10:29:19.508073","level":"info","event":"\u001b[0m10:29:19  9 of 49 OK loaded seed file raw.raw_items ...................................... [\u001b[32mINSERT 997\u001b[0m in 10.30s]","logger":"airflow.task.hooks.airflow.providers.standard.hooks.subprocess.SubprocessHook"}
{"timestamp":"2026-08-12T10:29:19.802275","level":"info","event":"\u001b[0m10:29:19  26 of 49 PASS not_null_stg_order_items_order_id ................................ [\u001b[32mPASS\u001b[0m in 1.94s]","logger":"airflow.task.hooks.airflow.providers.standard.hooks.subprocess.SubprocessHook"}
{"timestamp":"2026-08-12T10:29:20.271662","level":"info","event":"\u001b[0m10:29:20  28 of 49 PASS not_null_stg_order_items_restaurant_id ........................... [\u001b[32mPASS\u001b[0m in 2.34s]","logger":"airflow.task.hooks.airflow.providers.standard.hooks.subprocess.SubprocessHook"}
{"timestamp":"2026-08-12T10:29:20.302301","level":"info","event":"\u001b[0m10:29:20  25 of 49 PASS not_null_stg_order_items_line_amount ............................. [\u001b[32mPASS\u001b[0m in 2.44s]","logger":"airflow.task.hooks.airflow.providers.standard.hooks.subprocess.SubprocessHook"}
{"timestamp":"2026-08-12T10:29:20.409992","level":"info","event":"\u001b[0m10:29:20  24 of 49 PASS unique_stg_restaurants_restaurant_id ............................. [\u001b[32mPASS\u001b[0m in 2.54s]","logger":"airflow.task.hooks.airflow.providers.standard.hooks.subprocess.SubprocessHook"}
{"timestamp":"2026-08-12T10:29:20.416112","level":"info","event":"\u001b[0m10:29:20  27 of 49 PASS not_null_stg_order_items_order_item_id ........................... [\u001b[32mPASS\u001b[0m in 2.51s]","logger":"airflow.task.hooks.airflow.providers.standard.hooks.subprocess.SubprocessHook"}
{"timestamp":"2026-08-12T10:29:20.430905","level":"info","event":"\u001b[0m10:29:20  34 of 49 START sql table model marts.dim_restaurants ........................... [RUN]","logger":"airflow.task.hooks.airflow.providers.standard.hooks.subprocess.SubprocessHook"}
{"timestamp":"2026-08-12T10:29:20.431228","level":"info","event":"\u001b[0m10:29:20  35 of 49 START sql view model staging.stg_reviews .............................. [RUN]","logger":"airflow.task.hooks.airflow.providers.standard.hooks.subprocess.SubprocessHook"}
{"timestamp":"2026-08-12T10:29:20.563661","level":"info","event":"\u001b[0m10:29:20  30 of 49 PASS not_null_stg_users_user_id ....................................... [\u001b[32mPASS\u001b[0m in 2.20s]","logger":"airflow.task.hooks.airflow.providers.standard.hooks.subprocess.SubprocessHook"}
{"timestamp":"2026-08-12T10:29:20.728650","level":"info","event":"\u001b[0m10:29:20  29 of 49 PASS unique_stg_order_items_order_item_id ............................. [\u001b[32mPASS\u001b[0m in 2.80s]","logger":"airflow.task.hooks.airflow.providers.standard.hooks.subprocess.SubprocessHook"}
{"timestamp":"2026-08-12T10:29:20.733786","level":"info","event":"\u001b[0m10:29:20  36 of 49 START sql incremental model marts.fact_order_items .................... [RUN]","logger":"airflow.task.hooks.airflow.providers.standard.hooks.subprocess.SubprocessHook"}
{"timestamp":"2026-08-12T10:29:20.753253","level":"info","event":"\u001b[0m10:29:20  31 of 49 PASS unique_stg_users_user_id ......................................... [\u001b[32mPASS\u001b[0m in 2.38s]","logger":"airflow.task.hooks.airflow.providers.standard.hooks.subprocess.SubprocessHook"}
{"timestamp":"2026-08-12T10:29:20.767838","level":"info","event":"\u001b[0m10:29:20  37 of 49 START sql table model marts.dim_customer .............................. [RUN]","logger":"airflow.task.hooks.airflow.providers.standard.hooks.subprocess.SubprocessHook"}
{"timestamp":"2026-08-12T10:29:21.498845","level":"info","event":"\u001b[0m10:29:21  32 of 49 OK created sql table model marts.dim_food ............................. [\u001b[32mSUCCESS 1\u001b[0m in 3.10s]","logger":"airflow.task.hooks.airflow.providers.standard.hooks.subprocess.SubprocessHook"}
{"timestamp":"2026-08-12T10:29:22.194208","level":"info","event":"\u001b[0m10:29:22  35 of 49 OK created sql view model staging.stg_reviews ......................... [\u001b[32mSUCCESS 1\u001b[0m in 1.76s]","logger":"airflow.task.hooks.airflow.providers.standard.hooks.subprocess.SubprocessHook"}
{"timestamp":"2026-08-12T10:29:22.201237","level":"info","event":"\u001b[0m10:29:22  38 of 49 START test not_null_stg_reviews_customer_id ........................... [RUN]","logger":"airflow.task.hooks.airflow.providers.standard.hooks.subprocess.SubprocessHook"}
{"timestamp":"2026-08-12T10:29:22.204648","level":"info","event":"\u001b[0m10:29:22  39 of 49 START test not_null_stg_reviews_order_id .............................. [RUN]","logger":"airflow.task.hooks.airflow.providers.standard.hooks.subprocess.SubprocessHook"}
{"timestamp":"2026-08-12T10:29:22.206629","level":"info","event":"\u001b[0m10:29:22  40 of 49 START test not_null_stg_reviews_restaurant_id ......................... [RUN]","logger":"airflow.task.hooks.airflow.providers.standard.hooks.subprocess.SubprocessHook"}
{"timestamp":"2026-08-12T10:29:22.207369","level":"info","event":"\u001b[0m10:29:22  41 of 49 START test not_null_stg_reviews_review_id ............................. [RUN]","logger":"airflow.task.hooks.airflow.providers.standard.hooks.subprocess.SubprocessHook"}
{"timestamp":"2026-08-12T10:29:22.208713","level":"info","event":"\u001b[0m10:29:22  42 of 49 START test unique_stg_reviews_review_id ............................... [RUN]","logger":"airflow.task.hooks.airflow.providers.standard.hooks.subprocess.SubprocessHook"}
{"timestamp":"2026-08-12T10:29:22.527959","level":"info","event":"\u001b[0m10:29:22  34 of 49 OK created sql table model marts.dim_restaurants ...................... [\u001b[32mSUCCESS 1\u001b[0m in 2.09s]","logger":"airflow.task.hooks.airflow.providers.standard.hooks.subprocess.SubprocessHook"}
{"timestamp":"2026-08-12T10:29:22.654955","level":"info","event":"\u001b[0m10:29:22  33 of 49 OK created sql incremental model marts.fact_orders .................... [\u001b[32mSUCCESS 0\u001b[0m in 4.26s]","logger":"airflow.task.hooks.airflow.providers.standard.hooks.subprocess.SubprocessHook"}
{"timestamp":"2026-08-12T10:29:22.672023","level":"info","event":"\u001b[0m10:29:22  43 of 49 START test accepted_values_fact_orders_order_status__Delivered__Cancelled__Refunded  [RUN]","logger":"airflow.task.hooks.airflow.providers.standard.hooks.subprocess.SubprocessHook"}
{"timestamp":"2026-08-12T10:29:22.673600","level":"info","event":"\u001b[0m10:29:22  44 of 49 START test not_null_fact_orders_order_id .............................. [RUN]","logger":"airflow.task.hooks.airflow.providers.standard.hooks.subprocess.SubprocessHook"}
{"timestamp":"2026-08-12T10:29:22.675262","level":"info","event":"\u001b[0m10:29:22  45 of 49 START test unique_fact_orders_order_id ................................ [RUN]","logger":"airflow.task.hooks.airflow.providers.standard.hooks.subprocess.SubprocessHook"}
{"timestamp":"2026-08-12T10:29:22.922871","level":"info","event":"\u001b[0m10:29:22  37 of 49 OK created sql table model marts.dim_customer ......................... [\u001b[32mSUCCESS 1\u001b[0m in 2.15s]","logger":"airflow.task.hooks.airflow.providers.standard.hooks.subprocess.SubprocessHook"}
{"timestamp":"2026-08-12T10:29:22.930579","level":"info","event":"\u001b[0m10:29:22  46 of 49 START test relationships_fact_orders_customer_id__customer_id___ref_dim_customer_  [RUN]","logger":"airflow.task.hooks.airflow.providers.standard.hooks.subprocess.SubprocessHook"}
{"timestamp":"2026-08-12T10:29:23.565239","level":"info","event":"\u001b[0m10:29:23  40 of 49 PASS not_null_stg_reviews_restaurant_id ............................... [\u001b[32mPASS\u001b[0m in 1.35s]","logger":"airflow.task.hooks.airflow.providers.standard.hooks.subprocess.SubprocessHook"}
{"timestamp":"2026-08-12T10:29:23.585562","level":"info","event":"\u001b[0m10:29:23  41 of 49 PASS not_null_stg_reviews_review_id ................................... [\u001b[32mPASS\u001b[0m in 1.37s]","logger":"airflow.task.hooks.airflow.providers.standard.hooks.subprocess.SubprocessHook"}
{"timestamp":"2026-08-12T10:29:23.624391","level":"info","event":"\u001b[0m10:29:23  39 of 49 PASS not_null_stg_reviews_order_id .................................... [\u001b[32mPASS\u001b[0m in 1.42s]","logger":"airflow.task.hooks.airflow.providers.standard.hooks.subprocess.SubprocessHook"}
{"timestamp":"2026-08-12T10:29:23.683783","level":"info","event":"\u001b[0m10:29:23  38 of 49 PASS not_null_stg_reviews_customer_id ................................. [\u001b[32mPASS\u001b[0m in 1.48s]","logger":"airflow.task.hooks.airflow.providers.standard.hooks.subprocess.SubprocessHook"}
{"timestamp":"2026-08-12T10:29:23.930868","level":"info","event":"\u001b[0m10:29:23  42 of 49 PASS unique_stg_reviews_review_id ..................................... [\u001b[32mPASS\u001b[0m in 1.72s]","logger":"airflow.task.hooks.airflow.providers.standard.hooks.subprocess.SubprocessHook"}
{"timestamp":"2026-08-12T10:29:23.939666","level":"info","event":"\u001b[0m10:29:23  45 of 49 PASS unique_fact_orders_order_id ...................................... [\u001b[32mPASS\u001b[0m in 1.24s]","logger":"airflow.task.hooks.airflow.providers.standard.hooks.subprocess.SubprocessHook"}
{"timestamp":"2026-08-12T10:29:24.081225","level":"info","event":"\u001b[0m10:29:24  43 of 49 PASS accepted_values_fact_orders_order_status__Delivered__Cancelled__Refunded  [\u001b[32mPASS\u001b[0m in 1.40s]","logger":"airflow.task.hooks.airflow.providers.standard.hooks.subprocess.SubprocessHook"}
{"timestamp":"2026-08-12T10:29:24.085663","level":"info","event":"\u001b[0m10:29:24  44 of 49 PASS not_null_fact_orders_order_id .................................... [\u001b[32mPASS\u001b[0m in 1.39s]","logger":"airflow.task.hooks.airflow.providers.standard.hooks.subprocess.SubprocessHook"}
{"timestamp":"2026-08-12T10:29:24.096762","level":"info","event":"\u001b[0m10:29:24  47 of 49 START sql table model marts.mart_daily_city_revenue ................... [RUN]","logger":"airflow.task.hooks.airflow.providers.standard.hooks.subprocess.SubprocessHook"}
{"timestamp":"2026-08-12T10:29:24.097580","level":"info","event":"\u001b[0m10:29:24  48 of 49 START sql table model marts.mart_delivery_sla ......................... [RUN]","logger":"airflow.task.hooks.airflow.providers.standard.hooks.subprocess.SubprocessHook"}
{"timestamp":"2026-08-12T10:29:24.098564","level":"info","event":"\u001b[0m10:29:24  49 of 49 START sql table model marts.mart_restaurant_performance ............... [RUN]","logger":"airflow.task.hooks.airflow.providers.standard.hooks.subprocess.SubprocessHook"}
{"timestamp":"2026-08-12T10:29:24.448508","level":"info","event":"\u001b[0m10:29:24  46 of 49 PASS relationships_fact_orders_customer_id__customer_id___ref_dim_customer_  [\u001b[32mPASS\u001b[0m in 1.51s]","logger":"airflow.task.hooks.airflow.providers.standard.hooks.subprocess.SubprocessHook"}
{"timestamp":"2026-08-12T10:29:24.618361","level":"info","event":"\u001b[0m10:29:24  36 of 49 OK created sql incremental model marts.fact_order_items ............... [\u001b[32mSUCCESS 0\u001b[0m in 3.88s]","logger":"airflow.task.hooks.airflow.providers.standard.hooks.subprocess.SubprocessHook"}
{"timestamp":"2026-08-12T10:29:26.727565","level":"info","event":"\u001b[0m10:29:26  47 of 49 OK created sql table model marts.mart_daily_city_revenue .............. [\u001b[32mSUCCESS 1\u001b[0m in 2.62s]","logger":"airflow.task.hooks.airflow.providers.standard.hooks.subprocess.SubprocessHook"}
{"timestamp":"2026-08-12T10:29:26.889104","level":"info","event":"\u001b[0m10:29:26  48 of 49 OK created sql table model marts.mart_delivery_sla .................... [\u001b[32mSUCCESS 1\u001b[0m in 2.79s]","logger":"airflow.task.hooks.airflow.providers.standard.hooks.subprocess.SubprocessHook"}
{"timestamp":"2026-08-12T10:29:26.905977","level":"info","event":"\u001b[0m10:29:26  49 of 49 OK created sql table model marts.mart_restaurant_performance .......... [\u001b[32mSUCCESS 1\u001b[0m in 2.81s]","logger":"airflow.task.hooks.airflow.providers.standard.hooks.subprocess.SubprocessHook"}
{"timestamp":"2026-08-12T10:29:26.925903","level":"info","event":"\u001b[0m10:29:26","logger":"airflow.task.hooks.airflow.providers.standard.hooks.subprocess.SubprocessHook"}
{"timestamp":"2026-08-12T10:29:26.926176","level":"info","event":"\u001b[0m10:29:26  Finished running 2 incremental models, 6 seeds, 7 table models, 27 data tests, 7 view models in 0 hours 0 minutes and 41.28 seconds (41.28s).","logger":"airflow.task.hooks.airflow.providers.standard.hooks.subprocess.SubprocessHook"}
{"timestamp":"2026-08-12T10:29:27.007331","level":"info","event":"\u001b[0m10:29:27","logger":"airflow.task.hooks.airflow.providers.standard.hooks.subprocess.SubprocessHook"}
{"timestamp":"2026-08-12T10:29:27.007609","level":"info","event":"\u001b[0m10:29:27  \u001b[32mCompleted successfully\u001b[0m","logger":"airflow.task.hooks.airflow.providers.standard.hooks.subprocess.SubprocessHook"}
{"timestamp":"2026-08-12T10:29:27.007936","level":"info","event":"\u001b[0m10:29:27","logger":"airflow.task.hooks.airflow.providers.standard.hooks.subprocess.SubprocessHook"}
{"timestamp":"2026-08-12T10:29:27.008512","level":"info","event":"\u001b[0m10:29:27  Done. PASS=49 WARN=0 ERROR=0 SKIP=0 NO-OP=0 REUSED=0 TOTAL=49","logger":"airflow.task.hooks.airflow.providers.standard.hooks.subprocess.SubprocessHook"}
{"timestamp":"2026-08-12T10:29:31.266926","level":"info","event":"Command exited with return code 0","logger":"airflow.task.hooks.airflow.providers.standard.hooks.subprocess.SubprocessHook"}
{"timestamp":"2026-08-12T10:29:31.275717","level":"info","event":"Pushing xcom","ti":"RuntimeTaskInstance(id=UUID('019ff584-1411-7bfc-9130-fe1f67975607'), task_id='dbt_build_core', dag_id='zomato_batch', run_id='manual__2026-08-12T10:28:21.604308+00:00', try_number=1, map_index=-1, hostname='de9819ac7e8e', context_carrier=None, task=<Task(BashOperator): dbt_build_core>, bundle_instance=LocalDagBundle(name=dags-folder), max_tries=0, start_date=datetime.datetime(2026, 8, 12, 10, 28, 40, 237960, tzinfo=datetime.timezone.utc), end_date=None, state=<TaskInstanceState.RUNNING: 'running'>, is_mapped=False, rendered_map_index=None, log_url='http://localhost:8080/dags/zomato_batch/runs/manual__2026-08-12T10%3A28%3A21.604308%2B00%3A00/tasks/dbt_build_core?try_number=1')","logger":"task"}
