{"timestamp":"2026-08-12T10:29:54.618108","level":"info","event":"DAG bundles loaded: dags-folder","logger":"airflow.dag_processing.bundles.manager.DagBundlesManager"}
{"timestamp":"2026-08-12T10:29:54.620941","level":"info","event":"Filling up the DagBag from /opt/airflow/dags/zomato_batch.py","logger":"airflow.models.dagbag.DagBag"}
{"timestamp":"2026-08-12T10:29:55.084619","level":"info","event":"Tmp dir root location: /tmp","logger":"airflow.task.hooks.airflow.providers.standard.hooks.subprocess.SubprocessHook"}
{"timestamp":"2026-08-12T10:29:55.086861","level":"info","event":"Running command: ['/usr/bin/bash', '-c', '/opt/airflow/dbt_venv/bin/dbt build --select tag:ai --project-dir /opt/airflow/dbt/zomato --profiles-dir /opt/airflow/dbt/zomato']","logger":"airflow.task.hooks.airflow.providers.standard.hooks.subprocess.SubprocessHook"}
{"timestamp":"2026-08-12T10:29:55.095326","level":"info","event":"Output:","logger":"airflow.task.hooks.airflow.providers.standard.hooks.subprocess.SubprocessHook"}
{"timestamp":"2026-08-12T10:29:56.828307","level":"info","event":"\u001b[0m10:29:56  Running with dbt=1.12.0","logger":"airflow.task.hooks.airflow.providers.standard.hooks.subprocess.SubprocessHook"}
{"timestamp":"2026-08-12T10:29:57.258197","level":"info","event":"\u001b[0m10:29:57  Registered adapter: snowflake=1.8.4","logger":"airflow.task.hooks.airflow.providers.standard.hooks.subprocess.SubprocessHook"}
{"timestamp":"2026-08-12T10:29:57.478868","level":"info","event":"\u001b[0m10:29:57  [\u001b[33mWARNING\u001b[0m]: Configuration paths exist in your dbt_project.yml file which do not apply to any resources.","logger":"airflow.task.hooks.airflow.providers.standard.hooks.subprocess.SubprocessHook"}
{"timestamp":"2026-08-12T10:29:57.479032","level":"info","event":"There are 1 unused configuration paths:","logger":"airflow.task.hooks.airflow.providers.standard.hooks.subprocess.SubprocessHook"}
{"timestamp":"2026-08-12T10:29:57.479090","level":"info","event":"- models.snapshot.zomato","logger":"airflow.task.hooks.airflow.providers.standard.hooks.subprocess.SubprocessHook"}
{"timestamp":"2026-08-12T10:29:57.663922","level":"info","event":"\u001b[0m10:29:57  Found 17 models, 6 seeds, 27 data tests, 8 sources, 622 macros","logger":"airflow.task.hooks.airflow.providers.standard.hooks.subprocess.SubprocessHook"}
{"timestamp":"2026-08-12T10:29:57.666488","level":"info","event":"\u001b[0m10:29:57","logger":"airflow.task.hooks.airflow.providers.standard.hooks.subprocess.SubprocessHook"}
{"timestamp":"2026-08-12T10:29:57.667008","level":"info","event":"\u001b[0m10:29:57  Concurrency: 16 threads (target='dev')","logger":"airflow.task.hooks.airflow.providers.standard.hooks.subprocess.SubprocessHook"}
{"timestamp":"2026-08-12T10:29:57.667337","level":"info","event":"\u001b[0m10:29:57","logger":"airflow.task.hooks.airflow.providers.standard.hooks.subprocess.SubprocessHook"}
{"timestamp":"2026-08-12T10:30:02.329232","level":"info","event":"\u001b[0m10:30:02  1 of 1 START sql table model marts.mart_review_insights ........................ [RUN]","logger":"airflow.task.hooks.airflow.providers.standard.hooks.subprocess.SubprocessHook"}
{"timestamp":"2026-08-12T10:30:05.475445","level":"info","event":"\u001b[0m10:30:05  1 of 1 OK created sql table model marts.mart_review_insights ................... [\u001b[32mSUCCESS 1\u001b[0m in 3.13s]","logger":"airflow.task.hooks.airflow.providers.standard.hooks.subprocess.SubprocessHook"}
{"timestamp":"2026-08-12T10:30:05.485471","level":"info","event":"\u001b[0m10:30:05","logger":"airflow.task.hooks.airflow.providers.standard.hooks.subprocess.SubprocessHook"}
{"timestamp":"2026-08-12T10:30:05.485729","level":"info","event":"\u001b[0m10:30:05  Finished running 1 table model in 0 hours 0 minutes and 7.82 seconds (7.82s).","logger":"airflow.task.hooks.airflow.providers.standard.hooks.subprocess.SubprocessHook"}
{"timestamp":"2026-08-12T10:30:05.546850","level":"info","event":"\u001b[0m10:30:05","logger":"airflow.task.hooks.airflow.providers.standard.hooks.subprocess.SubprocessHook"}
{"timestamp":"2026-08-12T10:30:05.547361","level":"info","event":"\u001b[0m10:30:05  \u001b[32mCompleted successfully\u001b[0m","logger":"airflow.task.hooks.airflow.providers.standard.hooks.subprocess.SubprocessHook"}
{"timestamp":"2026-08-12T10:30:05.547670","level":"info","event":"\u001b[0m10:30:05","logger":"airflow.task.hooks.airflow.providers.standard.hooks.subprocess.SubprocessHook"}
{"timestamp":"2026-08-12T10:30:05.547991","level":"info","event":"\u001b[0m10:30:05  Done. PASS=1 WARN=0 ERROR=0 SKIP=0 NO-OP=0 REUSED=0 TOTAL=1","logger":"airflow.task.hooks.airflow.providers.standard.hooks.subprocess.SubprocessHook"}
{"timestamp":"2026-08-12T10:30:08.305261","level":"info","event":"Command exited with return code 0","logger":"airflow.task.hooks.airflow.providers.standard.hooks.subprocess.SubprocessHook"}
{"timestamp":"2026-08-12T10:30:08.313041","level":"info","event":"Pushing xcom","ti":"RuntimeTaskInstance(id=UUID('019ff584-1413-7c92-8a34-d4f6f2ec7baf'), task_id='dbt_build_ai', dag_id='zomato_batch', run_id='manual__2026-08-12T10:28:21.604308+00:00', try_number=1, map_index=-1, hostname='de9819ac7e8e', context_carrier=None, task=<Task(BashOperator): dbt_build_ai>, bundle_instance=LocalDagBundle(name=dags-folder), max_tries=0, start_date=datetime.datetime(2026, 8, 12, 10, 29, 53, 635775, tzinfo=datetime.timezone.utc), end_date=None, state=<TaskInstanceState.RUNNING: 'running'>, is_mapped=False, rendered_map_index=None, log_url='http://localhost:8080/dags/zomato_batch/runs/manual__2026-08-12T10%3A28%3A21.604308%2B00%3A00/tasks/dbt_build_ai?try_number=1')","logger":"task"}
